Component: ARM Compiler 5.06 update 6 (build 750) Tool: armlink [4d35ed]

==============================================================================

Section Cross References

    startup_stm32f030.o(RESET) refers to startup_stm32f030.o(STACK) for __initial_sp
    startup_stm32f030.o(RESET) refers to startup_stm32f030.o(.text) for Reset_Handler
    startup_stm32f030.o(RESET) refers to stm32f0xx_it.o(i.NMI_Handler) for NMI_Handler
    startup_stm32f030.o(RESET) refers to stm32f0xx_it.o(i.HardFault_Handler) for HardFault_Handler
    startup_stm32f030.o(RESET) refers to stm32f0xx_it.o(i.SVC_Handler) for SVC_Handler
    startup_stm32f030.o(RESET) refers to stm32f0xx_it.o(i.PendSV_Handler) for PendSV_Handler
    startup_stm32f030.o(RESET) refers to stm32f0xx_it.o(i.SysTick_Handler) for SysTick_Handler
    startup_stm32f030.o(RESET) refers to stm32f0xx_it.o(i.USART2_IRQHandler) for USART2_IRQHandler
    startup_stm32f030.o(.text) refers to startup_stm32f030.o(STACK) for __initial_sp
    startup_stm32f030.o(.text) refers to system_stm32f0xx.o(i.SystemInit) for SystemInit
    startup_stm32f030.o(.text) refers to entry.o(.ARM.Collect$$$$00000000) for __main
    system_stm32f0xx.o(i.SystemCoreClockUpdate) refers to uidiv.o(.text) for __aeabi_uidivmod
    system_stm32f0xx.o(i.SystemCoreClockUpdate) refers to system_stm32f0xx.o(.data) for .data
    system_stm32f0xx.o(i.SystemInit) refers to system_stm32f0xx.o(i.SetSysClock) for SetSysClock
    main.o(i.Delay) refers to main.o(.data) for .data
    main.o(i.TimingDelay_Decrement) refers to main.o(.data) for .data
    main.o(i.main) refers to uidiv.o(.text) for __aeabi_uidivmod
    main.o(i.main) refers to stm32f0xx_misc.o(i.NVIC_Init) for NVIC_Init
    main.o(i.main) refers to stm32072b_eval.o(i.STM_EVAL_COMInit) for STM_EVAL_COMInit
    main.o(i.main) refers to stm32f0xx_rcc.o(i.RCC_AHBPeriphClockCmd) for RCC_AHBPeriphClockCmd
    main.o(i.main) refers to stm32f0xx_gpio.o(i.GPIO_Init) for GPIO_Init
    main.o(i.main) refers to stm32f0xx_usart.o(i.USART_ITConfig) for USART_ITConfig
    main.o(i.main) refers to stm32f0xx_usart.o(i.USART_GetFlagStatus) for USART_GetFlagStatus
    main.o(i.main) refers to system_stm32f0xx.o(.data) for SystemCoreClock
    main.o(i.main) refers to main.o(.data) for .data
    main.o(i.main) refers to stm32f0xx_it.o(.data) for TxCount
    stm32f0xx_it.o(i.SysTick_Handler) refers to main.o(i.TimingDelay_Decrement) for TimingDelay_Decrement
    stm32f0xx_it.o(i.USART2_IRQHandler) refers to stm32f0xx_usart.o(i.USART_GetITStatus) for USART_GetITStatus
    stm32f0xx_it.o(i.USART2_IRQHandler) refers to stm32f0xx_usart.o(i.USART_ReceiveData) for USART_ReceiveData
    stm32f0xx_it.o(i.USART2_IRQHandler) refers to stm32f0xx_usart.o(i.USART_SendData) for USART_SendData
    stm32f0xx_it.o(i.USART2_IRQHandler) refers to stm32f0xx_usart.o(i.USART_ITConfig) for USART_ITConfig
    stm32f0xx_it.o(i.USART2_IRQHandler) refers to stm32f0xx_usart.o(i.USART_ClearITPendingBit) for USART_ClearITPendingBit
    stm32f0xx_it.o(i.USART2_IRQHandler) refers to stm32f0xx_it.o(.data) for .data
    stm32f0xx_it.o(i.USART2_IRQHandler) refers to stm32f0xx_it.o(.bss) for .bss
    stm32072b_eval.o(i.LM75_LowLevel_DeInit) refers to stm32f0xx_i2c.o(i.I2C_Cmd) for I2C_Cmd
    stm32072b_eval.o(i.LM75_LowLevel_DeInit) refers to stm32f0xx_i2c.o(i.I2C_DeInit) for I2C_DeInit
    stm32072b_eval.o(i.LM75_LowLevel_DeInit) refers to stm32f0xx_rcc.o(i.RCC_APB1PeriphClockCmd) for RCC_APB1PeriphClockCmd
    stm32072b_eval.o(i.LM75_LowLevel_DeInit) refers to stm32f0xx_gpio.o(i.GPIO_Init) for GPIO_Init
    stm32072b_eval.o(i.LM75_LowLevel_Init) refers to stm32f0xx_rcc.o(i.RCC_APB1PeriphClockCmd) for RCC_APB1PeriphClockCmd
    stm32072b_eval.o(i.LM75_LowLevel_Init) refers to stm32f0xx_rcc.o(i.RCC_I2CCLKConfig) for RCC_I2CCLKConfig
    stm32072b_eval.o(i.LM75_LowLevel_Init) refers to stm32f0xx_rcc.o(i.RCC_AHBPeriphClockCmd) for RCC_AHBPeriphClockCmd
    stm32072b_eval.o(i.LM75_LowLevel_Init) refers to stm32f0xx_gpio.o(i.GPIO_PinAFConfig) for GPIO_PinAFConfig
    stm32072b_eval.o(i.LM75_LowLevel_Init) refers to stm32f0xx_gpio.o(i.GPIO_Init) for GPIO_Init
    stm32072b_eval.o(i.SD_LowLevel_DeInit) refers to stm32f0xx_spi.o(i.SPI_Cmd) for SPI_Cmd
    stm32072b_eval.o(i.SD_LowLevel_DeInit) refers to stm32f0xx_spi.o(i.SPI_I2S_DeInit) for SPI_I2S_DeInit
    stm32072b_eval.o(i.SD_LowLevel_DeInit) refers to stm32f0xx_rcc.o(i.RCC_APB2PeriphClockCmd) for RCC_APB2PeriphClockCmd
    stm32072b_eval.o(i.SD_LowLevel_DeInit) refers to stm32f0xx_gpio.o(i.GPIO_Init) for GPIO_Init
    stm32072b_eval.o(i.SD_LowLevel_Init) refers to stm32f0xx_rcc.o(i.RCC_AHBPeriphClockCmd) for RCC_AHBPeriphClockCmd
    stm32072b_eval.o(i.SD_LowLevel_Init) refers to stm32f0xx_rcc.o(i.RCC_APB2PeriphClockCmd) for RCC_APB2PeriphClockCmd
    stm32072b_eval.o(i.SD_LowLevel_Init) refers to stm32f0xx_gpio.o(i.GPIO_Init) for GPIO_Init
    stm32072b_eval.o(i.SD_LowLevel_Init) refers to stm32f0xx_gpio.o(i.GPIO_PinAFConfig) for GPIO_PinAFConfig
    stm32072b_eval.o(i.SD_LowLevel_Init) refers to stm32f0xx_spi.o(i.SPI_I2S_DeInit) for SPI_I2S_DeInit
    stm32072b_eval.o(i.SD_LowLevel_Init) refers to stm32f0xx_spi.o(i.SPI_Init) for SPI_Init
    stm32072b_eval.o(i.SD_LowLevel_Init) refers to stm32f0xx_spi.o(i.SPI_RxFIFOThresholdConfig) for SPI_RxFIFOThresholdConfig
    stm32072b_eval.o(i.SD_LowLevel_Init) refers to stm32f0xx_spi.o(i.SPI_Cmd) for SPI_Cmd
    stm32072b_eval.o(i.STM_EVAL_COMInit) refers to stm32f0xx_rcc.o(i.RCC_AHBPeriphClockCmd) for RCC_AHBPeriphClockCmd
    stm32072b_eval.o(i.STM_EVAL_COMInit) refers to stm32f0xx_rcc.o(i.RCC_APB1PeriphClockCmd) for RCC_APB1PeriphClockCmd
    stm32072b_eval.o(i.STM_EVAL_COMInit) refers to stm32f0xx_gpio.o(i.GPIO_PinAFConfig) for GPIO_PinAFConfig
    stm32072b_eval.o(i.STM_EVAL_COMInit) refers to stm32f0xx_gpio.o(i.GPIO_Init) for GPIO_Init
    stm32072b_eval.o(i.STM_EVAL_COMInit) refers to stm32f0xx_usart.o(i.USART_Init) for USART_Init
    stm32072b_eval.o(i.STM_EVAL_COMInit) refers to stm32f0xx_usart.o(i.USART_Cmd) for USART_Cmd
    stm32072b_eval.o(i.STM_EVAL_COMInit) refers to stm32072b_eval.o(.constdata) for .constdata
    stm32072b_eval.o(i.STM_EVAL_COMInit) refers to stm32072b_eval.o(.data) for .data
    stm32072b_eval.o(i.STM_EVAL_LEDInit) refers to stm32f0xx_rcc.o(i.RCC_AHBPeriphClockCmd) for RCC_AHBPeriphClockCmd
    stm32072b_eval.o(i.STM_EVAL_LEDInit) refers to stm32f0xx_gpio.o(i.GPIO_Init) for GPIO_Init
    stm32072b_eval.o(i.STM_EVAL_LEDInit) refers to stm32072b_eval.o(.constdata) for .constdata
    stm32072b_eval.o(i.STM_EVAL_LEDInit) refers to stm32072b_eval.o(.data) for .data
    stm32072b_eval.o(i.STM_EVAL_LEDOff) refers to stm32072b_eval.o(.constdata) for .constdata
    stm32072b_eval.o(i.STM_EVAL_LEDOff) refers to stm32072b_eval.o(.data) for .data
    stm32072b_eval.o(i.STM_EVAL_LEDOn) refers to stm32072b_eval.o(.constdata) for .constdata
    stm32072b_eval.o(i.STM_EVAL_LEDOn) refers to stm32072b_eval.o(.data) for .data
    stm32072b_eval.o(i.STM_EVAL_LEDToggle) refers to stm32072b_eval.o(.data) for .data
    stm32072b_eval.o(i.STM_EVAL_LEDToggle) refers to stm32072b_eval.o(.constdata) for .constdata
    stm32072b_eval.o(i.STM_EVAL_PBGetState) refers to stm32f0xx_gpio.o(i.GPIO_ReadInputDataBit) for GPIO_ReadInputDataBit
    stm32072b_eval.o(i.STM_EVAL_PBGetState) refers to stm32072b_eval.o(.constdata) for .constdata
    stm32072b_eval.o(i.STM_EVAL_PBGetState) refers to stm32072b_eval.o(.data) for .data
    stm32072b_eval.o(i.STM_EVAL_PBInit) refers to stm32f0xx_rcc.o(i.RCC_AHBPeriphClockCmd) for RCC_AHBPeriphClockCmd
    stm32072b_eval.o(i.STM_EVAL_PBInit) refers to stm32f0xx_rcc.o(i.RCC_APB2PeriphClockCmd) for RCC_APB2PeriphClockCmd
    stm32072b_eval.o(i.STM_EVAL_PBInit) refers to stm32f0xx_gpio.o(i.GPIO_Init) for GPIO_Init
    stm32072b_eval.o(i.STM_EVAL_PBInit) refers to stm32f0xx_syscfg.o(i.SYSCFG_EXTILineConfig) for SYSCFG_EXTILineConfig
    stm32072b_eval.o(i.STM_EVAL_PBInit) refers to stm32f0xx_exti.o(i.EXTI_Init) for EXTI_Init
    stm32072b_eval.o(i.STM_EVAL_PBInit) refers to stm32f0xx_misc.o(i.NVIC_Init) for NVIC_Init
    stm32072b_eval.o(i.STM_EVAL_PBInit) refers to stm32072b_eval.o(.constdata) for .constdata
    stm32072b_eval.o(i.STM_EVAL_PBInit) refers to stm32072b_eval.o(.data) for .data
    stm32072b_eval.o(i.STM_SPI_WriteRead) refers to stm32f0xx_spi.o(i.SPI_I2S_GetFlagStatus) for SPI_I2S_GetFlagStatus
    stm32072b_eval.o(i.STM_SPI_WriteRead) refers to stm32f0xx_spi.o(i.SPI_SendData8) for SPI_SendData8
    stm32072b_eval.o(i.STM_SPI_WriteRead) refers to stm32f0xx_spi.o(i.SPI_ReceiveData8) for SPI_ReceiveData8
    stm32072b_eval.o(i.sEE_LowLevel_DeInit) refers to stm32f0xx_i2c.o(i.I2C_Cmd) for I2C_Cmd
    stm32072b_eval.o(i.sEE_LowLevel_DeInit) refers to stm32f0xx_i2c.o(i.I2C_DeInit) for I2C_DeInit
    stm32072b_eval.o(i.sEE_LowLevel_DeInit) refers to stm32f0xx_rcc.o(i.RCC_APB1PeriphClockCmd) for RCC_APB1PeriphClockCmd
    stm32072b_eval.o(i.sEE_LowLevel_DeInit) refers to stm32f0xx_gpio.o(i.GPIO_Init) for GPIO_Init
    stm32072b_eval.o(i.sEE_LowLevel_Init) refers to stm32f0xx_rcc.o(i.RCC_I2CCLKConfig) for RCC_I2CCLKConfig
    stm32072b_eval.o(i.sEE_LowLevel_Init) refers to stm32f0xx_rcc.o(i.RCC_AHBPeriphClockCmd) for RCC_AHBPeriphClockCmd
    stm32072b_eval.o(i.sEE_LowLevel_Init) refers to stm32f0xx_rcc.o(i.RCC_APB1PeriphClockCmd) for RCC_APB1PeriphClockCmd
    stm32072b_eval.o(i.sEE_LowLevel_Init) refers to stm32f0xx_gpio.o(i.GPIO_PinAFConfig) for GPIO_PinAFConfig
    stm32072b_eval.o(i.sEE_LowLevel_Init) refers to stm32f0xx_gpio.o(i.GPIO_Init) for GPIO_Init
    stm32f0xx_pwr.o(i.PWR_DeInit) refers to stm32f0xx_rcc.o(i.RCC_APB1PeriphResetCmd) for RCC_APB1PeriphResetCmd
    stm32f0xx_spi.o(i.I2S_Init) refers to stm32f0xx_rcc.o(i.RCC_GetClocksFreq) for RCC_GetClocksFreq
    stm32f0xx_spi.o(i.I2S_Init) refers to uidiv.o(.text) for __aeabi_uidivmod
    stm32f0xx_spi.o(i.SPI_I2S_DeInit) refers to stm32f0xx_rcc.o(i.RCC_APB2PeriphResetCmd) for RCC_APB2PeriphResetCmd
    stm32f0xx_spi.o(i.SPI_I2S_DeInit) refers to stm32f0xx_rcc.o(i.RCC_APB1PeriphResetCmd) for RCC_APB1PeriphResetCmd
    stm32f0xx_usart.o(i.USART_DeInit) refers to stm32f0xx_rcc.o(i.RCC_APB2PeriphResetCmd) for RCC_APB2PeriphResetCmd
    stm32f0xx_usart.o(i.USART_DeInit) refers to stm32f0xx_rcc.o(i.RCC_APB1PeriphResetCmd) for RCC_APB1PeriphResetCmd
    stm32f0xx_usart.o(i.USART_Init) refers to stm32f0xx_rcc.o(i.RCC_GetClocksFreq) for RCC_GetClocksFreq
    stm32f0xx_usart.o(i.USART_Init) refers to uidiv.o(.text) for __aeabi_uidivmod
    stm32f0xx_flash.o(i.FLASH_EraseAllPages) refers to stm32f0xx_flash.o(i.FLASH_WaitForLastOperation) for FLASH_WaitForLastOperation
    stm32f0xx_flash.o(i.FLASH_ErasePage) refers to stm32f0xx_flash.o(i.FLASH_WaitForLastOperation) for FLASH_WaitForLastOperation
    stm32f0xx_flash.o(i.FLASH_OB_BOOT0Config) refers to stm32f0xx_flash.o(i.FLASH_WaitForLastOperation) for FLASH_WaitForLastOperation
    stm32f0xx_flash.o(i.FLASH_OB_BOOT0SWConfig) refers to stm32f0xx_flash.o(i.FLASH_WaitForLastOperation) for FLASH_WaitForLastOperation
    stm32f0xx_flash.o(i.FLASH_OB_BOOTConfig) refers to stm32f0xx_flash.o(i.FLASH_WaitForLastOperation) for FLASH_WaitForLastOperation
    stm32f0xx_flash.o(i.FLASH_OB_EnableWRP) refers to stm32f0xx_flash.o(i.FLASH_WaitForLastOperation) for FLASH_WaitForLastOperation
    stm32f0xx_flash.o(i.FLASH_OB_Erase) refers to stm32f0xx_flash.o(i.FLASH_OB_GetRDP) for FLASH_OB_GetRDP
    stm32f0xx_flash.o(i.FLASH_OB_Erase) refers to stm32f0xx_flash.o(i.FLASH_WaitForLastOperation) for FLASH_WaitForLastOperation
    stm32f0xx_flash.o(i.FLASH_OB_ProgramData) refers to stm32f0xx_flash.o(i.FLASH_WaitForLastOperation) for FLASH_WaitForLastOperation
    stm32f0xx_flash.o(i.FLASH_OB_RDPConfig) refers to stm32f0xx_flash.o(i.FLASH_WaitForLastOperation) for FLASH_WaitForLastOperation
    stm32f0xx_flash.o(i.FLASH_OB_SRAMParityConfig) refers to stm32f0xx_flash.o(i.FLASH_WaitForLastOperation) for FLASH_WaitForLastOperation
    stm32f0xx_flash.o(i.FLASH_OB_UserConfig) refers to stm32f0xx_flash.o(i.FLASH_WaitForLastOperation) for FLASH_WaitForLastOperation
    stm32f0xx_flash.o(i.FLASH_OB_VDDAConfig) refers to stm32f0xx_flash.o(i.FLASH_WaitForLastOperation) for FLASH_WaitForLastOperation
    stm32f0xx_flash.o(i.FLASH_OB_WriteUser) refers to stm32f0xx_flash.o(i.FLASH_WaitForLastOperation) for FLASH_WaitForLastOperation
    stm32f0xx_flash.o(i.FLASH_ProgramHalfWord) refers to stm32f0xx_flash.o(i.FLASH_WaitForLastOperation) for FLASH_WaitForLastOperation
    stm32f0xx_flash.o(i.FLASH_ProgramWord) refers to stm32f0xx_flash.o(i.FLASH_WaitForLastOperation) for FLASH_WaitForLastOperation
    stm32f0xx_flash.o(i.FLASH_WaitForLastOperation) refers to stm32f0xx_flash.o(i.FLASH_GetStatus) for FLASH_GetStatus
    stm32f0xx_adc.o(i.ADC_DeInit) refers to stm32f0xx_rcc.o(i.RCC_APB2PeriphResetCmd) for RCC_APB2PeriphResetCmd
    stm32f0xx_rcc.o(i.RCC_GetClocksFreq) refers to uidiv.o(.text) for __aeabi_uidivmod
    stm32f0xx_rcc.o(i.RCC_GetClocksFreq) refers to stm32f0xx_rcc.o(.data) for .data
    stm32f0xx_rcc.o(i.RCC_WaitForHSEStartUp) refers to stm32f0xx_rcc.o(i.RCC_GetFlagStatus) for RCC_GetFlagStatus
    stm32f0xx_rtc.o(i.RTC_DeInit) refers to stm32f0xx_rtc.o(i.RTC_EnterInitMode) for RTC_EnterInitMode
    stm32f0xx_rtc.o(i.RTC_DeInit) refers to stm32f0xx_rtc.o(i.RTC_WaitForSynchro) for RTC_WaitForSynchro
    stm32f0xx_rtc.o(i.RTC_GetAlarm) refers to stm32f0xx_rtc.o(i.RTC_Bcd2ToByte) for RTC_Bcd2ToByte
    stm32f0xx_rtc.o(i.RTC_GetDate) refers to stm32f0xx_rtc.o(i.RTC_Bcd2ToByte) for RTC_Bcd2ToByte
    stm32f0xx_rtc.o(i.RTC_GetTime) refers to stm32f0xx_rtc.o(i.RTC_Bcd2ToByte) for RTC_Bcd2ToByte
    stm32f0xx_rtc.o(i.RTC_GetTimeStamp) refers to stm32f0xx_rtc.o(i.RTC_Bcd2ToByte) for RTC_Bcd2ToByte
    stm32f0xx_rtc.o(i.RTC_Init) refers to stm32f0xx_rtc.o(i.RTC_EnterInitMode) for RTC_EnterInitMode
    stm32f0xx_rtc.o(i.RTC_Init) refers to stm32f0xx_rtc.o(i.RTC_ExitInitMode) for RTC_ExitInitMode
    stm32f0xx_rtc.o(i.RTC_RefClockCmd) refers to stm32f0xx_rtc.o(i.RTC_EnterInitMode) for RTC_EnterInitMode
    stm32f0xx_rtc.o(i.RTC_RefClockCmd) refers to stm32f0xx_rtc.o(i.RTC_ExitInitMode) for RTC_ExitInitMode
    stm32f0xx_rtc.o(i.RTC_SetAlarm) refers to stm32f0xx_rtc.o(i.RTC_Bcd2ToByte) for RTC_Bcd2ToByte
    stm32f0xx_rtc.o(i.RTC_SetAlarm) refers to stm32f0xx_rtc.o(i.RTC_ByteToBcd2) for RTC_ByteToBcd2
    stm32f0xx_rtc.o(i.RTC_SetDate) refers to stm32f0xx_rtc.o(i.RTC_Bcd2ToByte) for RTC_Bcd2ToByte
    stm32f0xx_rtc.o(i.RTC_SetDate) refers to stm32f0xx_rtc.o(i.RTC_ByteToBcd2) for RTC_ByteToBcd2
    stm32f0xx_rtc.o(i.RTC_SetDate) refers to stm32f0xx_rtc.o(i.RTC_EnterInitMode) for RTC_EnterInitMode
    stm32f0xx_rtc.o(i.RTC_SetDate) refers to stm32f0xx_rtc.o(i.RTC_ExitInitMode) for RTC_ExitInitMode
    stm32f0xx_rtc.o(i.RTC_SetDate) refers to stm32f0xx_rtc.o(i.RTC_WaitForSynchro) for RTC_WaitForSynchro
    stm32f0xx_rtc.o(i.RTC_SetTime) refers to stm32f0xx_rtc.o(i.RTC_Bcd2ToByte) for RTC_Bcd2ToByte
    stm32f0xx_rtc.o(i.RTC_SetTime) refers to stm32f0xx_rtc.o(i.RTC_ByteToBcd2) for RTC_ByteToBcd2
    stm32f0xx_rtc.o(i.RTC_SetTime) refers to stm32f0xx_rtc.o(i.RTC_EnterInitMode) for RTC_EnterInitMode
    stm32f0xx_rtc.o(i.RTC_SetTime) refers to stm32f0xx_rtc.o(i.RTC_ExitInitMode) for RTC_ExitInitMode
    stm32f0xx_rtc.o(i.RTC_SetTime) refers to stm32f0xx_rtc.o(i.RTC_WaitForSynchro) for RTC_WaitForSynchro
    stm32f0xx_rtc.o(i.RTC_SynchroShiftConfig) refers to stm32f0xx_rtc.o(i.RTC_WaitForSynchro) for RTC_WaitForSynchro
    stm32f0xx_gpio.o(i.GPIO_DeInit) refers to stm32f0xx_rcc.o(i.RCC_AHBPeriphResetCmd) for RCC_AHBPeriphResetCmd
    stm32f0xx_wwdg.o(i.WWDG_DeInit) refers to stm32f0xx_rcc.o(i.RCC_APB1PeriphResetCmd) for RCC_APB1PeriphResetCmd
    stm32f0xx_i2c.o(i.I2C_DeInit) refers to stm32f0xx_rcc.o(i.RCC_APB1PeriphResetCmd) for RCC_APB1PeriphResetCmd
    stm32f0xx_tim.o(i.TIM_DeInit) refers to stm32f0xx_rcc.o(i.RCC_APB1PeriphResetCmd) for RCC_APB1PeriphResetCmd
    stm32f0xx_tim.o(i.TIM_DeInit) refers to stm32f0xx_rcc.o(i.RCC_APB2PeriphResetCmd) for RCC_APB2PeriphResetCmd
    stm32f0xx_tim.o(i.TIM_ETRClockMode1Config) refers to stm32f0xx_tim.o(i.TIM_ETRConfig) for TIM_ETRConfig
    stm32f0xx_tim.o(i.TIM_ETRClockMode2Config) refers to stm32f0xx_tim.o(i.TIM_ETRConfig) for TIM_ETRConfig
    stm32f0xx_tim.o(i.TIM_ICInit) refers to stm32f0xx_tim.o(i.TIM_SetIC4Prescaler) for TIM_SetIC4Prescaler
    stm32f0xx_tim.o(i.TIM_ICInit) refers to stm32f0xx_tim.o(i.TI1_Config) for TI1_Config
    stm32f0xx_tim.o(i.TIM_ICInit) refers to stm32f0xx_tim.o(i.TIM_SetIC1Prescaler) for TIM_SetIC1Prescaler
    stm32f0xx_tim.o(i.TIM_ICInit) refers to stm32f0xx_tim.o(i.TI2_Config) for TI2_Config
    stm32f0xx_tim.o(i.TIM_ICInit) refers to stm32f0xx_tim.o(i.TIM_SetIC2Prescaler) for TIM_SetIC2Prescaler
    stm32f0xx_tim.o(i.TIM_ICInit) refers to stm32f0xx_tim.o(i.TIM_SetIC3Prescaler) for TIM_SetIC3Prescaler
    stm32f0xx_tim.o(i.TIM_ITRxExternalClockConfig) refers to stm32f0xx_tim.o(i.TIM_SelectInputTrigger) for TIM_SelectInputTrigger
    stm32f0xx_tim.o(i.TIM_PWMIConfig) refers to stm32f0xx_tim.o(i.TI2_Config) for TI2_Config
    stm32f0xx_tim.o(i.TIM_PWMIConfig) refers to stm32f0xx_tim.o(i.TIM_SetIC2Prescaler) for TIM_SetIC2Prescaler
    stm32f0xx_tim.o(i.TIM_PWMIConfig) refers to stm32f0xx_tim.o(i.TI1_Config) for TI1_Config
    stm32f0xx_tim.o(i.TIM_PWMIConfig) refers to stm32f0xx_tim.o(i.TIM_SetIC1Prescaler) for TIM_SetIC1Prescaler
    stm32f0xx_tim.o(i.TIM_TIxExternalClockConfig) refers to stm32f0xx_tim.o(i.TI1_Config) for TI1_Config
    stm32f0xx_tim.o(i.TIM_TIxExternalClockConfig) refers to stm32f0xx_tim.o(i.TIM_SelectInputTrigger) for TIM_SelectInputTrigger
    stm32f0xx_tim.o(i.TIM_TIxExternalClockConfig) refers to stm32f0xx_tim.o(i.TI2_Config) for TI2_Config
    entry.o(.ARM.Collect$$$$00000000) refers (Special) to entry10a.o(.ARM.Collect$$$$0000000D) for __rt_final_cpp
    entry.o(.ARM.Collect$$$$00000000) refers (Special) to entry11a.o(.ARM.Collect$$$$0000000F) for __rt_final_exit
    entry.o(.ARM.Collect$$$$00000000) refers (Special) to entry7b.o(.ARM.Collect$$$$00000008) for _main_clock
    entry.o(.ARM.Collect$$$$00000000) refers (Special) to entry8b.o(.ARM.Collect$$$$0000000A) for _main_cpp_init
    entry.o(.ARM.Collect$$$$00000000) refers (Special) to entry9a.o(.ARM.Collect$$$$0000000B) for _main_init
    entry.o(.ARM.Collect$$$$00000000) refers (Special) to entry5.o(.ARM.Collect$$$$00000004) for _main_scatterload
    entry.o(.ARM.Collect$$$$00000000) refers (Special) to entry2.o(.ARM.Collect$$$$00000001) for _main_stk
    entry2.o(.ARM.Collect$$$$00000001) refers to entry2.o(.ARM.Collect$$$$00002712) for __lit__00000000
    entry2.o(.ARM.Collect$$$$00002712) refers to startup_stm32f030.o(STACK) for __initial_sp
    entry2.o(__vectab_stack_and_reset_area) refers to startup_stm32f030.o(STACK) for __initial_sp
    entry2.o(__vectab_stack_and_reset_area) refers to entry.o(.ARM.Collect$$$$00000000) for __main
    entry5.o(.ARM.Collect$$$$00000004) refers to init.o(.text) for __scatterload
    entry9a.o(.ARM.Collect$$$$0000000B) refers to main.o(i.main) for main
    entry9b.o(.ARM.Collect$$$$0000000C) refers to main.o(i.main) for main
    init.o(.text) refers to entry5.o(.ARM.Collect$$$$00000004) for __main_after_scatterload


==============================================================================

Removing Unused input sections from the image.

    Removing startup_stm32f030.o(HEAP), (512 bytes).
    Removing system_stm32f0xx.o(.rev16_text), (4 bytes).
    Removing system_stm32f0xx.o(.revsh_text), (4 bytes).
    Removing system_stm32f0xx.o(i.SystemCoreClockUpdate), (108 bytes).
    Removing main.o(.rev16_text), (4 bytes).
    Removing main.o(.revsh_text), (4 bytes).
    Removing main.o(i.Delay), (20 bytes).
    Removing main.o(.data), (1 bytes).
    Removing stm32f0xx_it.o(.rev16_text), (4 bytes).
    Removing stm32f0xx_it.o(.revsh_text), (4 bytes).
    Removing stm32f0xx_it.o(.bss), (200 bytes).
    Removing stm32072b_eval.o(.rev16_text), (4 bytes).
    Removing stm32072b_eval.o(.revsh_text), (4 bytes).
    Removing stm32072b_eval.o(i.LM75_LowLevel_DeInit), (84 bytes).
    Removing stm32072b_eval.o(i.LM75_LowLevel_Init), (116 bytes).
    Removing stm32072b_eval.o(i.SD_LowLevel_DeInit), (116 bytes).
    Removing stm32072b_eval.o(i.SD_LowLevel_Init), (228 bytes).
    Removing stm32072b_eval.o(i.STM_EVAL_LEDInit), (68 bytes).
    Removing stm32072b_eval.o(i.STM_EVAL_LEDOff), (24 bytes).
    Removing stm32072b_eval.o(i.STM_EVAL_LEDOn), (24 bytes).
    Removing stm32072b_eval.o(i.STM_EVAL_LEDToggle), (28 bytes).
    Removing stm32072b_eval.o(i.STM_EVAL_PBGetState), (28 bytes).
    Removing stm32072b_eval.o(i.STM_EVAL_PBInit), (148 bytes).
    Removing stm32072b_eval.o(i.STM_SPI_WriteRead), (52 bytes).
    Removing stm32072b_eval.o(i.sEE_LowLevel_DeInit), (72 bytes).
    Removing stm32072b_eval.o(i.sEE_LowLevel_Init), (92 bytes).
    Removing stm32f0xx_pwr.o(.rev16_text), (4 bytes).
    Removing stm32f0xx_pwr.o(.revsh_text), (4 bytes).
    Removing stm32f0xx_pwr.o(i.PWR_BackupAccessCmd), (24 bytes).
    Removing stm32f0xx_pwr.o(i.PWR_ClearFlag), (16 bytes).
    Removing stm32f0xx_pwr.o(i.PWR_DeInit), (22 bytes).
    Removing stm32f0xx_pwr.o(i.PWR_EnterSTANDBYMode), (32 bytes).
    Removing stm32f0xx_pwr.o(i.PWR_EnterSTOPMode), (60 bytes).
    Removing stm32f0xx_pwr.o(i.PWR_EnterSleepMode), (32 bytes).
    Removing stm32f0xx_pwr.o(i.PWR_GetFlagStatus), (20 bytes).
    Removing stm32f0xx_pwr.o(i.PWR_PVDCmd), (24 bytes).
    Removing stm32f0xx_pwr.o(i.PWR_PVDLevelConfig), (20 bytes).
    Removing stm32f0xx_pwr.o(i.PWR_WakeUpPinCmd), (24 bytes).
    Removing stm32f0xx_exti.o(.rev16_text), (4 bytes).
    Removing stm32f0xx_exti.o(.revsh_text), (4 bytes).
    Removing stm32f0xx_exti.o(i.EXTI_ClearFlag), (12 bytes).
    Removing stm32f0xx_exti.o(i.EXTI_ClearITPendingBit), (12 bytes).
    Removing stm32f0xx_exti.o(i.EXTI_DeInit), (32 bytes).
    Removing stm32f0xx_exti.o(i.EXTI_GenerateSWInterrupt), (16 bytes).
    Removing stm32f0xx_exti.o(i.EXTI_GetFlagStatus), (20 bytes).
    Removing stm32f0xx_exti.o(i.EXTI_GetITStatus), (20 bytes).
    Removing stm32f0xx_exti.o(i.EXTI_Init), (108 bytes).
    Removing stm32f0xx_exti.o(i.EXTI_StructInit), (14 bytes).
    Removing stm32f0xx_syscfg.o(.rev16_text), (4 bytes).
    Removing stm32f0xx_syscfg.o(.revsh_text), (4 bytes).
    Removing stm32f0xx_syscfg.o(i.SYSCFG_BreakConfig), (16 bytes).
    Removing stm32f0xx_syscfg.o(i.SYSCFG_ClearFlag), (16 bytes).
    Removing stm32f0xx_syscfg.o(i.SYSCFG_DMAChannelRemapConfig), (24 bytes).
    Removing stm32f0xx_syscfg.o(i.SYSCFG_DeInit), (36 bytes).
    Removing stm32f0xx_syscfg.o(i.SYSCFG_EXTILineConfig), (40 bytes).
    Removing stm32f0xx_syscfg.o(i.SYSCFG_GetFlagStatus), (20 bytes).
    Removing stm32f0xx_syscfg.o(i.SYSCFG_GetPendingIT), (24 bytes).
    Removing stm32f0xx_syscfg.o(i.SYSCFG_I2CFastModePlusConfig), (24 bytes).
    Removing stm32f0xx_syscfg.o(i.SYSCFG_IRDAEnvSelection), (24 bytes).
    Removing stm32f0xx_syscfg.o(i.SYSCFG_MemoryRemapConfig), (20 bytes).
    Removing stm32f0xx_spi.o(.rev16_text), (4 bytes).
    Removing stm32f0xx_spi.o(.revsh_text), (4 bytes).
    Removing stm32f0xx_spi.o(i.I2S_Cmd), (28 bytes).
    Removing stm32f0xx_spi.o(i.I2S_Init), (156 bytes).
    Removing stm32f0xx_spi.o(i.I2S_StructInit), (18 bytes).
    Removing stm32f0xx_spi.o(i.SPI_BiDirectionalLineConfig), (28 bytes).
    Removing stm32f0xx_spi.o(i.SPI_CRCLengthConfig), (20 bytes).
    Removing stm32f0xx_spi.o(i.SPI_CalculateCRC), (28 bytes).
    Removing stm32f0xx_spi.o(i.SPI_Cmd), (18 bytes).
    Removing stm32f0xx_spi.o(i.SPI_DataSizeConfig), (16 bytes).
    Removing stm32f0xx_spi.o(i.SPI_GetCRC), (12 bytes).
    Removing stm32f0xx_spi.o(i.SPI_GetCRCPolynomial), (4 bytes).
    Removing stm32f0xx_spi.o(i.SPI_GetReceptionFIFOStatus), (10 bytes).
    Removing stm32f0xx_spi.o(i.SPI_GetTransmissionFIFOStatus), (10 bytes).
    Removing stm32f0xx_spi.o(i.SPI_I2S_ClearFlag), (6 bytes).
    Removing stm32f0xx_spi.o(i.SPI_I2S_DMACmd), (16 bytes).
    Removing stm32f0xx_spi.o(i.SPI_I2S_DeInit), (64 bytes).
    Removing stm32f0xx_spi.o(i.SPI_I2S_GetFlagStatus), (14 bytes).
    Removing stm32f0xx_spi.o(i.SPI_I2S_GetITStatus), (42 bytes).
    Removing stm32f0xx_spi.o(i.SPI_I2S_ITConfig), (24 bytes).
    Removing stm32f0xx_spi.o(i.SPI_I2S_ReceiveData16), (4 bytes).
    Removing stm32f0xx_spi.o(i.SPI_I2S_SendData16), (4 bytes).
    Removing stm32f0xx_spi.o(i.SPI_Init), (84 bytes).
    Removing stm32f0xx_spi.o(i.SPI_LastDMATransferCmd), (20 bytes).
    Removing stm32f0xx_spi.o(i.SPI_NSSInternalSoftwareConfig), (28 bytes).
    Removing stm32f0xx_spi.o(i.SPI_NSSPulseModeCmd), (18 bytes).
    Removing stm32f0xx_spi.o(i.SPI_ReceiveData8), (4 bytes).
    Removing stm32f0xx_spi.o(i.SPI_RxFIFOThresholdConfig), (20 bytes).
    Removing stm32f0xx_spi.o(i.SPI_SSOutputCmd), (18 bytes).
    Removing stm32f0xx_spi.o(i.SPI_SendData8), (4 bytes).
    Removing stm32f0xx_spi.o(i.SPI_StructInit), (28 bytes).
    Removing stm32f0xx_spi.o(i.SPI_TIModeCmd), (18 bytes).
    Removing stm32f0xx_spi.o(i.SPI_TransmitCRC), (12 bytes).
    Removing stm32f0xx_usart.o(.rev16_text), (4 bytes).
    Removing stm32f0xx_usart.o(.revsh_text), (4 bytes).
    Removing stm32f0xx_usart.o(i.USART_AddressDetectionConfig), (16 bytes).
    Removing stm32f0xx_usart.o(i.USART_AutoBaudRateCmd), (20 bytes).
    Removing stm32f0xx_usart.o(i.USART_AutoBaudRateConfig), (18 bytes).
    Removing stm32f0xx_usart.o(i.USART_ClearFlag), (4 bytes).
    Removing stm32f0xx_usart.o(i.USART_ClockInit), (28 bytes).
    Removing stm32f0xx_usart.o(i.USART_ClockStructInit), (12 bytes).
    Removing stm32f0xx_usart.o(i.USART_DECmd), (20 bytes).
    Removing stm32f0xx_usart.o(i.USART_DEPolarityConfig), (18 bytes).
    Removing stm32f0xx_usart.o(i.USART_DMACmd), (16 bytes).
    Removing stm32f0xx_usart.o(i.USART_DMAReceptionErrorConfig), (18 bytes).
    Removing stm32f0xx_usart.o(i.USART_DataInvCmd), (20 bytes).
    Removing stm32f0xx_usart.o(i.USART_DeInit), (184 bytes).
    Removing stm32f0xx_usart.o(i.USART_DirectionModeCmd), (16 bytes).
    Removing stm32f0xx_usart.o(i.USART_HalfDuplexCmd), (18 bytes).
    Removing stm32f0xx_usart.o(i.USART_InvPinCmd), (16 bytes).
    Removing stm32f0xx_usart.o(i.USART_IrDACmd), (18 bytes).
    Removing stm32f0xx_usart.o(i.USART_IrDAConfig), (16 bytes).
    Removing stm32f0xx_usart.o(i.USART_LINBreakDetectLengthConfig), (16 bytes).
    Removing stm32f0xx_usart.o(i.USART_LINCmd), (20 bytes).
    Removing stm32f0xx_usart.o(i.USART_MSBFirstCmd), (20 bytes).
    Removing stm32f0xx_usart.o(i.USART_MuteModeCmd), (20 bytes).
    Removing stm32f0xx_usart.o(i.USART_MuteModeWakeUpConfig), (18 bytes).
    Removing stm32f0xx_usart.o(i.USART_OneBitMethodCmd), (20 bytes).
    Removing stm32f0xx_usart.o(i.USART_OverSampling8Cmd), (20 bytes).
    Removing stm32f0xx_usart.o(i.USART_OverrunDetectionConfig), (18 bytes).
    Removing stm32f0xx_usart.o(i.USART_ReceiverTimeOutCmd), (20 bytes).
    Removing stm32f0xx_usart.o(i.USART_RequestCmd), (16 bytes).
    Removing stm32f0xx_usart.o(i.USART_STOPModeCmd), (18 bytes).
    Removing stm32f0xx_usart.o(i.USART_SWAPPinCmd), (20 bytes).
    Removing stm32f0xx_usart.o(i.USART_SetAddress), (18 bytes).
    Removing stm32f0xx_usart.o(i.USART_SetAutoRetryCount), (20 bytes).
    Removing stm32f0xx_usart.o(i.USART_SetBlockLength), (18 bytes).
    Removing stm32f0xx_usart.o(i.USART_SetDEAssertionTime), (20 bytes).
    Removing stm32f0xx_usart.o(i.USART_SetDEDeassertionTime), (20 bytes).
    Removing stm32f0xx_usart.o(i.USART_SetGuardTime), (16 bytes).
    Removing stm32f0xx_usart.o(i.USART_SetPrescaler), (16 bytes).
    Removing stm32f0xx_usart.o(i.USART_SetReceiverTimeOut), (16 bytes).
    Removing stm32f0xx_usart.o(i.USART_SmartCardCmd), (18 bytes).
    Removing stm32f0xx_usart.o(i.USART_SmartCardNACKCmd), (18 bytes).
    Removing stm32f0xx_usart.o(i.USART_StopModeWakeUpSourceConfig), (18 bytes).
    Removing stm32f0xx_usart.o(i.USART_StructInit), (22 bytes).
    Removing stm32f0xx_flash.o(.rev16_text), (4 bytes).
    Removing stm32f0xx_flash.o(.revsh_text), (4 bytes).
    Removing stm32f0xx_flash.o(i.FLASH_ClearFlag), (12 bytes).
    Removing stm32f0xx_flash.o(i.FLASH_EraseAllPages), (52 bytes).
    Removing stm32f0xx_flash.o(i.FLASH_ErasePage), (56 bytes).
    Removing stm32f0xx_flash.o(i.FLASH_GetFlagStatus), (20 bytes).
    Removing stm32f0xx_flash.o(i.FLASH_GetPrefetchBufferStatus), (20 bytes).
    Removing stm32f0xx_flash.o(i.FLASH_GetStatus), (40 bytes).
    Removing stm32f0xx_flash.o(i.FLASH_ITConfig), (24 bytes).
    Removing stm32f0xx_flash.o(i.FLASH_Lock), (16 bytes).
    Removing stm32f0xx_flash.o(i.FLASH_OB_BOOT0Config), (64 bytes).
    Removing stm32f0xx_flash.o(i.FLASH_OB_BOOT0SWConfig), (64 bytes).
    Removing stm32f0xx_flash.o(i.FLASH_OB_BOOTConfig), (64 bytes).
    Removing stm32f0xx_flash.o(i.FLASH_OB_EnableWRP), (140 bytes).
    Removing stm32f0xx_flash.o(i.FLASH_OB_Erase), (116 bytes).
    Removing stm32f0xx_flash.o(i.FLASH_OB_GetRDP), (20 bytes).
    Removing stm32f0xx_flash.o(i.FLASH_OB_GetUser), (16 bytes).
    Removing stm32f0xx_flash.o(i.FLASH_OB_GetWRP), (12 bytes).
    Removing stm32f0xx_flash.o(i.FLASH_OB_Launch), (20 bytes).
    Removing stm32f0xx_flash.o(i.FLASH_OB_Lock), (16 bytes).
    Removing stm32f0xx_flash.o(i.FLASH_OB_ProgramData), (56 bytes).
    Removing stm32f0xx_flash.o(i.FLASH_OB_RDPConfig), (92 bytes).
    Removing stm32f0xx_flash.o(i.FLASH_OB_SRAMParityConfig), (64 bytes).
    Removing stm32f0xx_flash.o(i.FLASH_OB_Unlock), (32 bytes).
    Removing stm32f0xx_flash.o(i.FLASH_OB_UserConfig), (72 bytes).
    Removing stm32f0xx_flash.o(i.FLASH_OB_VDDAConfig), (64 bytes).
    Removing stm32f0xx_flash.o(i.FLASH_OB_WriteUser), (60 bytes).
    Removing stm32f0xx_flash.o(i.FLASH_PrefetchBufferCmd), (24 bytes).
    Removing stm32f0xx_flash.o(i.FLASH_ProgramHalfWord), (52 bytes).
    Removing stm32f0xx_flash.o(i.FLASH_ProgramWord), (76 bytes).
    Removing stm32f0xx_flash.o(i.FLASH_SetLatency), (20 bytes).
    Removing stm32f0xx_flash.o(i.FLASH_Unlock), (32 bytes).
    Removing stm32f0xx_flash.o(i.FLASH_WaitForLastOperation), (34 bytes).
    Removing stm32f0xx_iwdg.o(.rev16_text), (4 bytes).
    Removing stm32f0xx_iwdg.o(.revsh_text), (4 bytes).
    Removing stm32f0xx_iwdg.o(i.IWDG_Enable), (16 bytes).
    Removing stm32f0xx_iwdg.o(i.IWDG_GetFlagStatus), (20 bytes).
    Removing stm32f0xx_iwdg.o(i.IWDG_ReloadCounter), (16 bytes).
    Removing stm32f0xx_iwdg.o(i.IWDG_SetPrescaler), (12 bytes).
    Removing stm32f0xx_iwdg.o(i.IWDG_SetReload), (12 bytes).
    Removing stm32f0xx_iwdg.o(i.IWDG_SetWindowValue), (12 bytes).
    Removing stm32f0xx_iwdg.o(i.IWDG_WriteAccessCmd), (12 bytes).
    Removing stm32f0xx_adc.o(.rev16_text), (4 bytes).
    Removing stm32f0xx_adc.o(.revsh_text), (4 bytes).
    Removing stm32f0xx_adc.o(i.ADC_AnalogWatchdogCmd), (20 bytes).
    Removing stm32f0xx_adc.o(i.ADC_AnalogWatchdogSingleChannelCmd), (20 bytes).
    Removing stm32f0xx_adc.o(i.ADC_AnalogWatchdogSingleChannelConfig), (14 bytes).
    Removing stm32f0xx_adc.o(i.ADC_AnalogWatchdogThresholdsConfig), (8 bytes).
    Removing stm32f0xx_adc.o(i.ADC_AutoPowerOffCmd), (20 bytes).
    Removing stm32f0xx_adc.o(i.ADC_ChannelConfig), (10 bytes).
    Removing stm32f0xx_adc.o(i.ADC_ClearFlag), (4 bytes).
    Removing stm32f0xx_adc.o(i.ADC_ClearITPendingBit), (4 bytes).
    Removing stm32f0xx_adc.o(i.ADC_ClockModeConfig), (4 bytes).
    Removing stm32f0xx_adc.o(i.ADC_Cmd), (18 bytes).
    Removing stm32f0xx_adc.o(i.ADC_ContinuousModeCmd), (20 bytes).
    Removing stm32f0xx_adc.o(i.ADC_DMACmd), (20 bytes).
    Removing stm32f0xx_adc.o(i.ADC_DMARequestModeConfig), (16 bytes).
    Removing stm32f0xx_adc.o(i.ADC_DeInit), (32 bytes).
    Removing stm32f0xx_adc.o(i.ADC_DiscModeCmd), (20 bytes).
    Removing stm32f0xx_adc.o(i.ADC_GetCalibrationFactor), (46 bytes).
    Removing stm32f0xx_adc.o(i.ADC_GetConversionValue), (6 bytes).
    Removing stm32f0xx_adc.o(i.ADC_GetFlagStatus), (28 bytes).
    Removing stm32f0xx_adc.o(i.ADC_GetITStatus), (22 bytes).
    Removing stm32f0xx_adc.o(i.ADC_ITConfig), (16 bytes).
    Removing stm32f0xx_adc.o(i.ADC_Init), (44 bytes).
    Removing stm32f0xx_adc.o(i.ADC_JitterCmd), (16 bytes).
    Removing stm32f0xx_adc.o(i.ADC_OverrunModeCmd), (20 bytes).
    Removing stm32f0xx_adc.o(i.ADC_StartOfConversion), (10 bytes).
    Removing stm32f0xx_adc.o(i.ADC_StopOfConversion), (10 bytes).
    Removing stm32f0xx_adc.o(i.ADC_StructInit), (16 bytes).
    Removing stm32f0xx_adc.o(i.ADC_TempSensorCmd), (28 bytes).
    Removing stm32f0xx_adc.o(i.ADC_VbatCmd), (28 bytes).
    Removing stm32f0xx_adc.o(i.ADC_VrefintCmd), (28 bytes).
    Removing stm32f0xx_adc.o(i.ADC_WaitModeCmd), (20 bytes).
    Removing stm32f0xx_rcc.o(.rev16_text), (4 bytes).
    Removing stm32f0xx_rcc.o(.revsh_text), (4 bytes).
    Removing stm32f0xx_rcc.o(i.RCC_ADCCLKConfig), (44 bytes).
    Removing stm32f0xx_rcc.o(i.RCC_AHBPeriphResetCmd), (24 bytes).
    Removing stm32f0xx_rcc.o(i.RCC_APB1PeriphResetCmd), (24 bytes).
    Removing stm32f0xx_rcc.o(i.RCC_APB2PeriphClockCmd), (24 bytes).
    Removing stm32f0xx_rcc.o(i.RCC_APB2PeriphResetCmd), (24 bytes).
    Removing stm32f0xx_rcc.o(i.RCC_AdjustHSI14CalibrationValue), (20 bytes).
    Removing stm32f0xx_rcc.o(i.RCC_AdjustHSICalibrationValue), (20 bytes).
    Removing stm32f0xx_rcc.o(i.RCC_BackupResetCmd), (28 bytes).
    Removing stm32f0xx_rcc.o(i.RCC_CECCLKConfig), (24 bytes).
    Removing stm32f0xx_rcc.o(i.RCC_ClearFlag), (20 bytes).
    Removing stm32f0xx_rcc.o(i.RCC_ClearITPendingBit), (12 bytes).
    Removing stm32f0xx_rcc.o(i.RCC_ClockSecuritySystemCmd), (28 bytes).
    Removing stm32f0xx_rcc.o(i.RCC_DeInit), (92 bytes).
    Removing stm32f0xx_rcc.o(i.RCC_GetFlagStatus), (52 bytes).
    Removing stm32f0xx_rcc.o(i.RCC_GetITStatus), (20 bytes).
    Removing stm32f0xx_rcc.o(i.RCC_GetSYSCLKSource), (16 bytes).
    Removing stm32f0xx_rcc.o(i.RCC_HCLKConfig), (20 bytes).
    Removing stm32f0xx_rcc.o(i.RCC_HSEConfig), (16 bytes).
    Removing stm32f0xx_rcc.o(i.RCC_HSI14ADCRequestCmd), (24 bytes).
    Removing stm32f0xx_rcc.o(i.RCC_HSI14Cmd), (28 bytes).
    Removing stm32f0xx_rcc.o(i.RCC_HSI48Cmd), (28 bytes).
    Removing stm32f0xx_rcc.o(i.RCC_HSICmd), (28 bytes).
    Removing stm32f0xx_rcc.o(i.RCC_I2CCLKConfig), (24 bytes).
    Removing stm32f0xx_rcc.o(i.RCC_ITConfig), (24 bytes).
    Removing stm32f0xx_rcc.o(i.RCC_LSEConfig), (32 bytes).
    Removing stm32f0xx_rcc.o(i.RCC_LSEDriveConfig), (24 bytes).
    Removing stm32f0xx_rcc.o(i.RCC_LSICmd), (28 bytes).
    Removing stm32f0xx_rcc.o(i.RCC_MCOConfig), (24 bytes).
    Removing stm32f0xx_rcc.o(i.RCC_PCLKConfig), (20 bytes).
    Removing stm32f0xx_rcc.o(i.RCC_PLLCmd), (28 bytes).
    Removing stm32f0xx_rcc.o(i.RCC_PLLConfig), (28 bytes).
    Removing stm32f0xx_rcc.o(i.RCC_PREDIV1Config), (20 bytes).
    Removing stm32f0xx_rcc.o(i.RCC_RTCCLKCmd), (28 bytes).
    Removing stm32f0xx_rcc.o(i.RCC_RTCCLKConfig), (16 bytes).
    Removing stm32f0xx_rcc.o(i.RCC_SYSCLKConfig), (20 bytes).
    Removing stm32f0xx_rcc.o(i.RCC_USARTCLKConfig), (48 bytes).
    Removing stm32f0xx_rcc.o(i.RCC_USBCLKConfig), (24 bytes).
    Removing stm32f0xx_rcc.o(i.RCC_WaitForHSEStartUp), (44 bytes).
    Removing stm32f0xx_dma.o(.rev16_text), (4 bytes).
    Removing stm32f0xx_dma.o(.revsh_text), (4 bytes).
    Removing stm32f0xx_dma.o(i.DMA_ClearFlag), (24 bytes).
    Removing stm32f0xx_dma.o(i.DMA_ClearITPendingBit), (24 bytes).
    Removing stm32f0xx_dma.o(i.DMA_Cmd), (24 bytes).
    Removing stm32f0xx_dma.o(i.DMA_DeInit), (192 bytes).
    Removing stm32f0xx_dma.o(i.DMA_GetCurrDataCounter), (6 bytes).
    Removing stm32f0xx_dma.o(i.DMA_GetFlagStatus), (32 bytes).
    Removing stm32f0xx_dma.o(i.DMA_GetITStatus), (32 bytes).
    Removing stm32f0xx_dma.o(i.DMA_ITConfig), (16 bytes).
    Removing stm32f0xx_dma.o(i.DMA_Init), (60 bytes).
    Removing stm32f0xx_dma.o(i.DMA_RemapConfig), (30 bytes).
    Removing stm32f0xx_dma.o(i.DMA_SetCurrDataCounter), (4 bytes).
    Removing stm32f0xx_dma.o(i.DMA_StructInit), (26 bytes).
    Removing stm32f0xx_rtc.o(.rev16_text), (4 bytes).
    Removing stm32f0xx_rtc.o(.revsh_text), (4 bytes).
    Removing stm32f0xx_rtc.o(i.RTC_AlarmCmd), (80 bytes).
    Removing stm32f0xx_rtc.o(i.RTC_AlarmStructInit), (20 bytes).
    Removing stm32f0xx_rtc.o(i.RTC_AlarmSubSecondConfig), (32 bytes).
    Removing stm32f0xx_rtc.o(i.RTC_Bcd2ToByte), (16 bytes).
    Removing stm32f0xx_rtc.o(i.RTC_BypassShadowCmd), (40 bytes).
    Removing stm32f0xx_rtc.o(i.RTC_ByteToBcd2), (24 bytes).
    Removing stm32f0xx_rtc.o(i.RTC_CalibOutputCmd), (40 bytes).
    Removing stm32f0xx_rtc.o(i.RTC_CalibOutputConfig), (36 bytes).
    Removing stm32f0xx_rtc.o(i.RTC_ClearFlag), (28 bytes).
    Removing stm32f0xx_rtc.o(i.RTC_ClearITPendingBit), (28 bytes).
    Removing stm32f0xx_rtc.o(i.RTC_DateStructInit), (14 bytes).
    Removing stm32f0xx_rtc.o(i.RTC_DayLightSavingConfig), (40 bytes).
    Removing stm32f0xx_rtc.o(i.RTC_DeInit), (92 bytes).
    Removing stm32f0xx_rtc.o(i.RTC_EnterInitMode), (60 bytes).
    Removing stm32f0xx_rtc.o(i.RTC_ExitInitMode), (16 bytes).
    Removing stm32f0xx_rtc.o(i.RTC_GetAlarm), (100 bytes).
    Removing stm32f0xx_rtc.o(i.RTC_GetAlarmSubSecond), (16 bytes).
    Removing stm32f0xx_rtc.o(i.RTC_GetDate), (76 bytes).
    Removing stm32f0xx_rtc.o(i.RTC_GetFlagStatus), (28 bytes).
    Removing stm32f0xx_rtc.o(i.RTC_GetITStatus), (60 bytes).
    Removing stm32f0xx_rtc.o(i.RTC_GetStoreOperation), (16 bytes).
    Removing stm32f0xx_rtc.o(i.RTC_GetSubSecond), (12 bytes).
    Removing stm32f0xx_rtc.o(i.RTC_GetTime), (80 bytes).
    Removing stm32f0xx_rtc.o(i.RTC_GetTimeStamp), (136 bytes).
    Removing stm32f0xx_rtc.o(i.RTC_GetTimeStampSubSecond), (12 bytes).
    Removing stm32f0xx_rtc.o(i.RTC_GetWakeUpCounter), (12 bytes).
    Removing stm32f0xx_rtc.o(i.RTC_ITConfig), (60 bytes).
    Removing stm32f0xx_rtc.o(i.RTC_Init), (72 bytes).
    Removing stm32f0xx_rtc.o(i.RTC_OutputConfig), (40 bytes).
    Removing stm32f0xx_rtc.o(i.RTC_OutputTypeConfig), (24 bytes).
    Removing stm32f0xx_rtc.o(i.RTC_ReadBackupRegister), (20 bytes).
    Removing stm32f0xx_rtc.o(i.RTC_RefClockCmd), (60 bytes).
    Removing stm32f0xx_rtc.o(i.RTC_SetAlarm), (136 bytes).
    Removing stm32f0xx_rtc.o(i.RTC_SetDate), (148 bytes).
    Removing stm32f0xx_rtc.o(i.RTC_SetTime), (152 bytes).
    Removing stm32f0xx_rtc.o(i.RTC_SetWakeUpCounter), (24 bytes).
    Removing stm32f0xx_rtc.o(i.RTC_SmoothCalibConfig), (64 bytes).
    Removing stm32f0xx_rtc.o(i.RTC_StructInit), (14 bytes).
    Removing stm32f0xx_rtc.o(i.RTC_SynchroShiftConfig), (76 bytes).
    Removing stm32f0xx_rtc.o(i.RTC_TamperCmd), (24 bytes).
    Removing stm32f0xx_rtc.o(i.RTC_TamperFilterConfig), (24 bytes).
    Removing stm32f0xx_rtc.o(i.RTC_TamperPinsPrechargeDuration), (24 bytes).
    Removing stm32f0xx_rtc.o(i.RTC_TamperPullUpCmd), (24 bytes).
    Removing stm32f0xx_rtc.o(i.RTC_TamperSamplingFreqConfig), (24 bytes).
    Removing stm32f0xx_rtc.o(i.RTC_TamperTriggerConfig), (24 bytes).
    Removing stm32f0xx_rtc.o(i.RTC_TimeStampCmd), (44 bytes).
    Removing stm32f0xx_rtc.o(i.RTC_TimeStampOnTamperDetectionCmd), (24 bytes).
    Removing stm32f0xx_rtc.o(i.RTC_TimeStructInit), (12 bytes).
    Removing stm32f0xx_rtc.o(i.RTC_WaitForSynchro), (80 bytes).
    Removing stm32f0xx_rtc.o(i.RTC_WakeUpClockConfig), (36 bytes).
    Removing stm32f0xx_rtc.o(i.RTC_WakeUpCmd), (80 bytes).
    Removing stm32f0xx_rtc.o(i.RTC_WriteBackupRegister), (20 bytes).
    Removing stm32f0xx_rtc.o(i.RTC_WriteProtectionCmd), (24 bytes).
    Removing stm32f0xx_gpio.o(.rev16_text), (4 bytes).
    Removing stm32f0xx_gpio.o(.revsh_text), (4 bytes).
    Removing stm32f0xx_gpio.o(i.GPIO_DeInit), (112 bytes).
    Removing stm32f0xx_gpio.o(i.GPIO_PinLockConfig), (26 bytes).
    Removing stm32f0xx_gpio.o(i.GPIO_ReadInputData), (4 bytes).
    Removing stm32f0xx_gpio.o(i.GPIO_ReadInputDataBit), (14 bytes).
    Removing stm32f0xx_gpio.o(i.GPIO_ReadOutputData), (4 bytes).
    Removing stm32f0xx_gpio.o(i.GPIO_ReadOutputDataBit), (14 bytes).
    Removing stm32f0xx_gpio.o(i.GPIO_ResetBits), (4 bytes).
    Removing stm32f0xx_gpio.o(i.GPIO_SetBits), (4 bytes).
    Removing stm32f0xx_gpio.o(i.GPIO_StructInit), (24 bytes).
    Removing stm32f0xx_gpio.o(i.GPIO_Write), (4 bytes).
    Removing stm32f0xx_gpio.o(i.GPIO_WriteBit), (12 bytes).
    Removing stm32f0xx_dbgmcu.o(.rev16_text), (4 bytes).
    Removing stm32f0xx_dbgmcu.o(.revsh_text), (4 bytes).
    Removing stm32f0xx_dbgmcu.o(i.DBGMCU_APB1PeriphConfig), (24 bytes).
    Removing stm32f0xx_dbgmcu.o(i.DBGMCU_APB2PeriphConfig), (24 bytes).
    Removing stm32f0xx_dbgmcu.o(i.DBGMCU_Config), (24 bytes).
    Removing stm32f0xx_dbgmcu.o(i.DBGMCU_GetDEVID), (16 bytes).
    Removing stm32f0xx_dbgmcu.o(i.DBGMCU_GetREVID), (12 bytes).
    Removing stm32f0xx_crc.o(.rev16_text), (4 bytes).
    Removing stm32f0xx_crc.o(.revsh_text), (4 bytes).
    Removing stm32f0xx_crc.o(i.CRC_CalcBlockCRC), (28 bytes).
    Removing stm32f0xx_crc.o(i.CRC_CalcCRC), (12 bytes).
    Removing stm32f0xx_crc.o(i.CRC_CalcCRC16bits), (12 bytes).
    Removing stm32f0xx_crc.o(i.CRC_CalcCRC8bits), (12 bytes).
    Removing stm32f0xx_crc.o(i.CRC_DeInit), (32 bytes).
    Removing stm32f0xx_crc.o(i.CRC_GetCRC), (12 bytes).
    Removing stm32f0xx_crc.o(i.CRC_GetIDRegister), (12 bytes).
    Removing stm32f0xx_crc.o(i.CRC_PolynomialSizeSelect), (20 bytes).
    Removing stm32f0xx_crc.o(i.CRC_ResetDR), (16 bytes).
    Removing stm32f0xx_crc.o(i.CRC_ReverseInputDataSelect), (20 bytes).
    Removing stm32f0xx_crc.o(i.CRC_ReverseOutputDataCmd), (24 bytes).
    Removing stm32f0xx_crc.o(i.CRC_SetIDRegister), (12 bytes).
    Removing stm32f0xx_crc.o(i.CRC_SetInitRegister), (12 bytes).
    Removing stm32f0xx_crc.o(i.CRC_SetPolynomial), (12 bytes).
    Removing stm32f0xx_wwdg.o(.rev16_text), (4 bytes).
    Removing stm32f0xx_wwdg.o(.revsh_text), (4 bytes).
    Removing stm32f0xx_wwdg.o(i.WWDG_ClearFlag), (12 bytes).
    Removing stm32f0xx_wwdg.o(i.WWDG_DeInit), (22 bytes).
    Removing stm32f0xx_wwdg.o(i.WWDG_Enable), (16 bytes).
    Removing stm32f0xx_wwdg.o(i.WWDG_EnableIT), (16 bytes).
    Removing stm32f0xx_wwdg.o(i.WWDG_GetFlagStatus), (20 bytes).
    Removing stm32f0xx_wwdg.o(i.WWDG_SetCounter), (16 bytes).
    Removing stm32f0xx_wwdg.o(i.WWDG_SetPrescaler), (20 bytes).
    Removing stm32f0xx_wwdg.o(i.WWDG_SetWindowValue), (28 bytes).
    Removing stm32f0xx_i2c.o(.rev16_text), (4 bytes).
    Removing stm32f0xx_i2c.o(.revsh_text), (4 bytes).
    Removing stm32f0xx_i2c.o(i.I2C_10BitAddressHeaderCmd), (20 bytes).
    Removing stm32f0xx_i2c.o(i.I2C_10BitAddressingModeCmd), (20 bytes).
    Removing stm32f0xx_i2c.o(i.I2C_AcknowledgeConfig), (20 bytes).
    Removing stm32f0xx_i2c.o(i.I2C_AutoEndCmd), (20 bytes).
    Removing stm32f0xx_i2c.o(i.I2C_CalculatePEC), (20 bytes).
    Removing stm32f0xx_i2c.o(i.I2C_ClearFlag), (4 bytes).
    Removing stm32f0xx_i2c.o(i.I2C_ClearITPendingBit), (4 bytes).
    Removing stm32f0xx_i2c.o(i.I2C_ClockTimeoutCmd), (20 bytes).
    Removing stm32f0xx_i2c.o(i.I2C_Cmd), (20 bytes).
    Removing stm32f0xx_i2c.o(i.I2C_DMACmd), (16 bytes).
    Removing stm32f0xx_i2c.o(i.I2C_DeInit), (40 bytes).
    Removing stm32f0xx_i2c.o(i.I2C_DualAddressCmd), (20 bytes).
    Removing stm32f0xx_i2c.o(i.I2C_ExtendedClockTimeoutCmd), (22 bytes).
    Removing stm32f0xx_i2c.o(i.I2C_GeneralCallCmd), (20 bytes).
    Removing stm32f0xx_i2c.o(i.I2C_GenerateSTART), (20 bytes).
    Removing stm32f0xx_i2c.o(i.I2C_GenerateSTOP), (20 bytes).
    Removing stm32f0xx_i2c.o(i.I2C_GetAddressMatched), (10 bytes).
    Removing stm32f0xx_i2c.o(i.I2C_GetFlagStatus), (14 bytes).
    Removing stm32f0xx_i2c.o(i.I2C_GetITStatus), (48 bytes).
    Removing stm32f0xx_i2c.o(i.I2C_GetPEC), (6 bytes).
    Removing stm32f0xx_i2c.o(i.I2C_GetTransferDirection), (18 bytes).
    Removing stm32f0xx_i2c.o(i.I2C_ITConfig), (16 bytes).
    Removing stm32f0xx_i2c.o(i.I2C_IdleClockTimeoutCmd), (20 bytes).
    Removing stm32f0xx_i2c.o(i.I2C_Init), (100 bytes).
    Removing stm32f0xx_i2c.o(i.I2C_MasterRequestConfig), (20 bytes).
    Removing stm32f0xx_i2c.o(i.I2C_NumberOfBytesConfig), (16 bytes).
    Removing stm32f0xx_i2c.o(i.I2C_OwnAddress2Config), (28 bytes).
    Removing stm32f0xx_i2c.o(i.I2C_PECRequestCmd), (20 bytes).
    Removing stm32f0xx_i2c.o(i.I2C_ReadRegister), (10 bytes).
    Removing stm32f0xx_i2c.o(i.I2C_ReceiveData), (6 bytes).
    Removing stm32f0xx_i2c.o(i.I2C_ReloadCmd), (20 bytes).
    Removing stm32f0xx_i2c.o(i.I2C_SMBusAlertCmd), (20 bytes).
    Removing stm32f0xx_i2c.o(i.I2C_SendData), (4 bytes).
    Removing stm32f0xx_i2c.o(i.I2C_SlaveAddressConfig), (16 bytes).
    Removing stm32f0xx_i2c.o(i.I2C_SlaveByteControlCmd), (20 bytes).
    Removing stm32f0xx_i2c.o(i.I2C_SoftwareResetCmd), (20 bytes).
    Removing stm32f0xx_i2c.o(i.I2C_StopModeCmd), (20 bytes).
    Removing stm32f0xx_i2c.o(i.I2C_StretchClockCmd), (20 bytes).
    Removing stm32f0xx_i2c.o(i.I2C_StructInit), (22 bytes).
    Removing stm32f0xx_i2c.o(i.I2C_TimeoutAConfig), (16 bytes).
    Removing stm32f0xx_i2c.o(i.I2C_TimeoutBConfig), (20 bytes).
    Removing stm32f0xx_i2c.o(i.I2C_TransferHandling), (32 bytes).
    Removing stm32f0xx_misc.o(.rev16_text), (4 bytes).
    Removing stm32f0xx_misc.o(.revsh_text), (4 bytes).
    Removing stm32f0xx_misc.o(i.NVIC_SystemLPConfig), (24 bytes).
    Removing stm32f0xx_misc.o(i.SysTick_CLKSourceConfig), (24 bytes).
    Removing stm32f0xx_tim.o(.rev16_text), (4 bytes).
    Removing stm32f0xx_tim.o(.revsh_text), (4 bytes).
    Removing stm32f0xx_tim.o(i.TI1_Config), (40 bytes).
    Removing stm32f0xx_tim.o(i.TI2_Config), (48 bytes).
    Removing stm32f0xx_tim.o(i.TIM_ARRPreloadConfig), (18 bytes).
    Removing stm32f0xx_tim.o(i.TIM_BDTRConfig), (34 bytes).
    Removing stm32f0xx_tim.o(i.TIM_BDTRStructInit), (18 bytes).
    Removing stm32f0xx_tim.o(i.TIM_CCPreloadControl), (20 bytes).
    Removing stm32f0xx_tim.o(i.TIM_CCxCmd), (22 bytes).
    Removing stm32f0xx_tim.o(i.TIM_CCxNCmd), (22 bytes).
    Removing stm32f0xx_tim.o(i.TIM_ClearFlag), (6 bytes).
    Removing stm32f0xx_tim.o(i.TIM_ClearITPendingBit), (6 bytes).
    Removing stm32f0xx_tim.o(i.TIM_ClearOC1Ref), (12 bytes).
    Removing stm32f0xx_tim.o(i.TIM_ClearOC2Ref), (14 bytes).
    Removing stm32f0xx_tim.o(i.TIM_ClearOC3Ref), (12 bytes).
    Removing stm32f0xx_tim.o(i.TIM_ClearOC4Ref), (14 bytes).
    Removing stm32f0xx_tim.o(i.TIM_Cmd), (20 bytes).
    Removing stm32f0xx_tim.o(i.TIM_CounterModeConfig), (12 bytes).
    Removing stm32f0xx_tim.o(i.TIM_CtrlPWMOutputs), (24 bytes).
    Removing stm32f0xx_tim.o(i.TIM_DMACmd), (16 bytes).
    Removing stm32f0xx_tim.o(i.TIM_DMAConfig), (8 bytes).
    Removing stm32f0xx_tim.o(i.TIM_DeInit), (204 bytes).
    Removing stm32f0xx_tim.o(i.TIM_ETRClockMode1Config), (28 bytes).
    Removing stm32f0xx_tim.o(i.TIM_ETRClockMode2Config), (20 bytes).
    Removing stm32f0xx_tim.o(i.TIM_ETRConfig), (18 bytes).
    Removing stm32f0xx_tim.o(i.TIM_EncoderInterfaceConfig), (48 bytes).
    Removing stm32f0xx_tim.o(i.TIM_ForcedOC1Config), (12 bytes).
    Removing stm32f0xx_tim.o(i.TIM_ForcedOC2Config), (20 bytes).
    Removing stm32f0xx_tim.o(i.TIM_ForcedOC3Config), (12 bytes).
    Removing stm32f0xx_tim.o(i.TIM_ForcedOC4Config), (20 bytes).
    Removing stm32f0xx_tim.o(i.TIM_GenerateEvent), (4 bytes).
    Removing stm32f0xx_tim.o(i.TIM_GetCapture1), (4 bytes).
    Removing stm32f0xx_tim.o(i.TIM_GetCapture2), (4 bytes).
    Removing stm32f0xx_tim.o(i.TIM_GetCapture3), (4 bytes).
    Removing stm32f0xx_tim.o(i.TIM_GetCapture4), (4 bytes).
    Removing stm32f0xx_tim.o(i.TIM_GetCounter), (4 bytes).
    Removing stm32f0xx_tim.o(i.TIM_GetFlagStatus), (14 bytes).
    Removing stm32f0xx_tim.o(i.TIM_GetITStatus), (24 bytes).
    Removing stm32f0xx_tim.o(i.TIM_GetPrescaler), (4 bytes).
    Removing stm32f0xx_tim.o(i.TIM_ICInit), (184 bytes).
    Removing stm32f0xx_tim.o(i.TIM_ICStructInit), (16 bytes).
    Removing stm32f0xx_tim.o(i.TIM_ITConfig), (16 bytes).
    Removing stm32f0xx_tim.o(i.TIM_ITRxExternalClockConfig), (18 bytes).
    Removing stm32f0xx_tim.o(i.TIM_InternalClockConfig), (10 bytes).
    Removing stm32f0xx_tim.o(i.TIM_OC1FastConfig), (12 bytes).
    Removing stm32f0xx_tim.o(i.TIM_OC1Init), (124 bytes).
    Removing stm32f0xx_tim.o(i.TIM_OC1NPolarityConfig), (12 bytes).
    Removing stm32f0xx_tim.o(i.TIM_OC1PolarityConfig), (12 bytes).
    Removing stm32f0xx_tim.o(i.TIM_OC1PreloadConfig), (12 bytes).
    Removing stm32f0xx_tim.o(i.TIM_OC2FastConfig), (20 bytes).
    Removing stm32f0xx_tim.o(i.TIM_OC2Init), (144 bytes).
    Removing stm32f0xx_tim.o(i.TIM_OC2NPolarityConfig), (14 bytes).
    Removing stm32f0xx_tim.o(i.TIM_OC2PolarityConfig), (14 bytes).
    Removing stm32f0xx_tim.o(i.TIM_OC2PreloadConfig), (20 bytes).
    Removing stm32f0xx_tim.o(i.TIM_OC3FastConfig), (12 bytes).
    Removing stm32f0xx_tim.o(i.TIM_OC3Init), (136 bytes).
    Removing stm32f0xx_tim.o(i.TIM_OC3NPolarityConfig), (20 bytes).
    Removing stm32f0xx_tim.o(i.TIM_OC3PolarityConfig), (20 bytes).
    Removing stm32f0xx_tim.o(i.TIM_OC3PreloadConfig), (12 bytes).
    Removing stm32f0xx_tim.o(i.TIM_OC4FastConfig), (20 bytes).
    Removing stm32f0xx_tim.o(i.TIM_OC4Init), (100 bytes).
    Removing stm32f0xx_tim.o(i.TIM_OC4PolarityConfig), (20 bytes).
    Removing stm32f0xx_tim.o(i.TIM_OC4PreloadConfig), (20 bytes).
    Removing stm32f0xx_tim.o(i.TIM_OCStructInit), (20 bytes).
    Removing stm32f0xx_tim.o(i.TIM_PWMIConfig), (104 bytes).
    Removing stm32f0xx_tim.o(i.TIM_PrescalerConfig), (6 bytes).
    Removing stm32f0xx_tim.o(i.TIM_RemapConfig), (6 bytes).
    Removing stm32f0xx_tim.o(i.TIM_SelectCCDMA), (18 bytes).
    Removing stm32f0xx_tim.o(i.TIM_SelectCOM), (18 bytes).
    Removing stm32f0xx_tim.o(i.TIM_SelectHallSensor), (18 bytes).
    Removing stm32f0xx_tim.o(i.TIM_SelectInputTrigger), (12 bytes).
    Removing stm32f0xx_tim.o(i.TIM_SelectMasterSlaveMode), (16 bytes).
    Removing stm32f0xx_tim.o(i.TIM_SelectOCREFClear), (16 bytes).
    Removing stm32f0xx_tim.o(i.TIM_SelectOCxM), (70 bytes).
    Removing stm32f0xx_tim.o(i.TIM_SelectOnePulseMode), (16 bytes).
    Removing stm32f0xx_tim.o(i.TIM_SelectOutputTrigger), (16 bytes).
    Removing stm32f0xx_tim.o(i.TIM_SelectSlaveMode), (16 bytes).
    Removing stm32f0xx_tim.o(i.TIM_SetAutoreload), (4 bytes).
    Removing stm32f0xx_tim.o(i.TIM_SetClockDivision), (20 bytes).
    Removing stm32f0xx_tim.o(i.TIM_SetCompare1), (4 bytes).
    Removing stm32f0xx_tim.o(i.TIM_SetCompare2), (4 bytes).
    Removing stm32f0xx_tim.o(i.TIM_SetCompare3), (4 bytes).
    Removing stm32f0xx_tim.o(i.TIM_SetCompare4), (4 bytes).
    Removing stm32f0xx_tim.o(i.TIM_SetCounter), (4 bytes).
    Removing stm32f0xx_tim.o(i.TIM_SetIC1Prescaler), (16 bytes).
    Removing stm32f0xx_tim.o(i.TIM_SetIC2Prescaler), (24 bytes).
    Removing stm32f0xx_tim.o(i.TIM_SetIC3Prescaler), (16 bytes).
    Removing stm32f0xx_tim.o(i.TIM_SetIC4Prescaler), (24 bytes).
    Removing stm32f0xx_tim.o(i.TIM_TIxExternalClockConfig), (48 bytes).
    Removing stm32f0xx_tim.o(i.TIM_TimeBaseInit), (116 bytes).
    Removing stm32f0xx_tim.o(i.TIM_TimeBaseStructInit), (18 bytes).
    Removing stm32f0xx_tim.o(i.TIM_UpdateDisableConfig), (18 bytes).
    Removing stm32f0xx_tim.o(i.TIM_UpdateRequestConfig), (18 bytes).

506 unused section(s) (total 14753 bytes) removed from the image.

==============================================================================

Image Symbol Table

    Local Symbols

    Symbol Name                              Value     Ov Type        Size  Object(Section)

    ../clib/microlib/division.c              0x00000000   Number         0  uidiv.o ABSOLUTE
    ../clib/microlib/init/entry.s            0x00000000   Number         0  entry2.o ABSOLUTE
    ../clib/microlib/init/entry.s            0x00000000   Number         0  entry7a.o ABSOLUTE
    ../clib/microlib/init/entry.s            0x00000000   Number         0  entry5.o ABSOLUTE
    ../clib/microlib/init/entry.s            0x00000000   Number         0  entry11b.o ABSOLUTE
    ../clib/microlib/init/entry.s            0x00000000   Number         0  entry.o ABSOLUTE
    ../clib/microlib/init/entry.s            0x00000000   Number         0  entry8a.o ABSOLUTE
    ../clib/microlib/init/entry.s            0x00000000   Number         0  entry11a.o ABSOLUTE
    ../clib/microlib/init/entry.s            0x00000000   Number         0  entry10b.o ABSOLUTE
    ../clib/microlib/init/entry.s            0x00000000   Number         0  entry10a.o ABSOLUTE
    ../clib/microlib/init/entry.s            0x00000000   Number         0  entry9a.o ABSOLUTE
    ../clib/microlib/init/entry.s            0x00000000   Number         0  entry9b.o ABSOLUTE
    ../clib/microlib/init/entry.s            0x00000000   Number         0  entry8b.o ABSOLUTE
    ../clib/microlib/init/entry.s            0x00000000   Number         0  entry7b.o ABSOLUTE
    ..\..\..\Libraries\CMSIS\Device\ST\STM32F0xx\Source\Templates\arm\startup_stm32f030.s 0x00000000   Number         0  startup_stm32f030.o ABSOLUTE
    ..\..\..\Libraries\STM32F0xx_StdPeriph_Driver\src\stm32f0xx_adc.c 0x00000000   Number         0  stm32f0xx_adc.o ABSOLUTE
    ..\..\..\Libraries\STM32F0xx_StdPeriph_Driver\src\stm32f0xx_crc.c 0x00000000   Number         0  stm32f0xx_crc.o ABSOLUTE
    ..\..\..\Libraries\STM32F0xx_StdPeriph_Driver\src\stm32f0xx_dbgmcu.c 0x00000000   Number         0  stm32f0xx_dbgmcu.o ABSOLUTE
    ..\..\..\Libraries\STM32F0xx_StdPeriph_Driver\src\stm32f0xx_dma.c 0x00000000   Number         0  stm32f0xx_dma.o ABSOLUTE
    ..\..\..\Libraries\STM32F0xx_StdPeriph_Driver\src\stm32f0xx_exti.c 0x00000000   Number         0  stm32f0xx_exti.o ABSOLUTE
    ..\..\..\Libraries\STM32F0xx_StdPeriph_Driver\src\stm32f0xx_flash.c 0x00000000   Number         0  stm32f0xx_flash.o ABSOLUTE
    ..\..\..\Libraries\STM32F0xx_StdPeriph_Driver\src\stm32f0xx_gpio.c 0x00000000   Number         0  stm32f0xx_gpio.o ABSOLUTE
    ..\..\..\Libraries\STM32F0xx_StdPeriph_Driver\src\stm32f0xx_i2c.c 0x00000000   Number         0  stm32f0xx_i2c.o ABSOLUTE
    ..\..\..\Libraries\STM32F0xx_StdPeriph_Driver\src\stm32f0xx_iwdg.c 0x00000000   Number         0  stm32f0xx_iwdg.o ABSOLUTE
    ..\..\..\Libraries\STM32F0xx_StdPeriph_Driver\src\stm32f0xx_misc.c 0x00000000   Number         0  stm32f0xx_misc.o ABSOLUTE
    ..\..\..\Libraries\STM32F0xx_StdPeriph_Driver\src\stm32f0xx_pwr.c 0x00000000   Number         0  stm32f0xx_pwr.o ABSOLUTE
    ..\..\..\Libraries\STM32F0xx_StdPeriph_Driver\src\stm32f0xx_rcc.c 0x00000000   Number         0  stm32f0xx_rcc.o ABSOLUTE
    ..\..\..\Libraries\STM32F0xx_StdPeriph_Driver\src\stm32f0xx_rtc.c 0x00000000   Number         0  stm32f0xx_rtc.o ABSOLUTE
    ..\..\..\Libraries\STM32F0xx_StdPeriph_Driver\src\stm32f0xx_spi.c 0x00000000   Number         0  stm32f0xx_spi.o ABSOLUTE
    ..\..\..\Libraries\STM32F0xx_StdPeriph_Driver\src\stm32f0xx_syscfg.c 0x00000000   Number         0  stm32f0xx_syscfg.o ABSOLUTE
    ..\..\..\Libraries\STM32F0xx_StdPeriph_Driver\src\stm32f0xx_tim.c 0x00000000   Number         0  stm32f0xx_tim.o ABSOLUTE
    ..\..\..\Libraries\STM32F0xx_StdPeriph_Driver\src\stm32f0xx_usart.c 0x00000000   Number         0  stm32f0xx_usart.o ABSOLUTE
    ..\..\..\Libraries\STM32F0xx_StdPeriph_Driver\src\stm32f0xx_wwdg.c 0x00000000   Number         0  stm32f0xx_wwdg.o ABSOLUTE
    ..\\..\\..\\Libraries\\STM32F0xx_StdPeriph_Driver\\src\\stm32f0xx_adc.c 0x00000000   Number         0  stm32f0xx_adc.o ABSOLUTE
    ..\\..\\..\\Libraries\\STM32F0xx_StdPeriph_Driver\\src\\stm32f0xx_crc.c 0x00000000   Number         0  stm32f0xx_crc.o ABSOLUTE
    ..\\..\\..\\Libraries\\STM32F0xx_StdPeriph_Driver\\src\\stm32f0xx_dbgmcu.c 0x00000000   Number         0  stm32f0xx_dbgmcu.o ABSOLUTE
    ..\\..\\..\\Libraries\\STM32F0xx_StdPeriph_Driver\\src\\stm32f0xx_dma.c 0x00000000   Number         0  stm32f0xx_dma.o ABSOLUTE
    ..\\..\\..\\Libraries\\STM32F0xx_StdPeriph_Driver\\src\\stm32f0xx_exti.c 0x00000000   Number         0  stm32f0xx_exti.o ABSOLUTE
    ..\\..\\..\\Libraries\\STM32F0xx_StdPeriph_Driver\\src\\stm32f0xx_flash.c 0x00000000   Number         0  stm32f0xx_flash.o ABSOLUTE
    ..\\..\\..\\Libraries\\STM32F0xx_StdPeriph_Driver\\src\\stm32f0xx_gpio.c 0x00000000   Number         0  stm32f0xx_gpio.o ABSOLUTE
    ..\\..\\..\\Libraries\\STM32F0xx_StdPeriph_Driver\\src\\stm32f0xx_i2c.c 0x00000000   Number         0  stm32f0xx_i2c.o ABSOLUTE
    ..\\..\\..\\Libraries\\STM32F0xx_StdPeriph_Driver\\src\\stm32f0xx_iwdg.c 0x00000000   Number         0  stm32f0xx_iwdg.o ABSOLUTE
    ..\\..\\..\\Libraries\\STM32F0xx_StdPeriph_Driver\\src\\stm32f0xx_misc.c 0x00000000   Number         0  stm32f0xx_misc.o ABSOLUTE
    ..\\..\\..\\Libraries\\STM32F0xx_StdPeriph_Driver\\src\\stm32f0xx_pwr.c 0x00000000   Number         0  stm32f0xx_pwr.o ABSOLUTE
    ..\\..\\..\\Libraries\\STM32F0xx_StdPeriph_Driver\\src\\stm32f0xx_rcc.c 0x00000000   Number         0  stm32f0xx_rcc.o ABSOLUTE
    ..\\..\\..\\Libraries\\STM32F0xx_StdPeriph_Driver\\src\\stm32f0xx_rtc.c 0x00000000   Number         0  stm32f0xx_rtc.o ABSOLUTE
    ..\\..\\..\\Libraries\\STM32F0xx_StdPeriph_Driver\\src\\stm32f0xx_spi.c 0x00000000   Number         0  stm32f0xx_spi.o ABSOLUTE
    ..\\..\\..\\Libraries\\STM32F0xx_StdPeriph_Driver\\src\\stm32f0xx_syscfg.c 0x00000000   Number         0  stm32f0xx_syscfg.o ABSOLUTE
    ..\\..\\..\\Libraries\\STM32F0xx_StdPeriph_Driver\\src\\stm32f0xx_tim.c 0x00000000   Number         0  stm32f0xx_tim.o ABSOLUTE
    ..\\..\\..\\Libraries\\STM32F0xx_StdPeriph_Driver\\src\\stm32f0xx_usart.c 0x00000000   Number         0  stm32f0xx_usart.o ABSOLUTE
    ..\\..\\..\\Libraries\\STM32F0xx_StdPeriph_Driver\\src\\stm32f0xx_wwdg.c 0x00000000   Number         0  stm32f0xx_wwdg.o ABSOLUTE
    ..\\main.c                               0x00000000   Number         0  main.o ABSOLUTE
    ..\\stm32072b_eval.c                     0x00000000   Number         0  stm32072b_eval.o ABSOLUTE
    ..\\stm32f0xx_it.c                       0x00000000   Number         0  stm32f0xx_it.o ABSOLUTE
    ..\\system_stm32f0xx.c                   0x00000000   Number         0  system_stm32f0xx.o ABSOLUTE
    ..\main.c                                0x00000000   Number         0  main.o ABSOLUTE
    ..\stm32072b_eval.c                      0x00000000   Number         0  stm32072b_eval.o ABSOLUTE
    ..\stm32f0xx_it.c                        0x00000000   Number         0  stm32f0xx_it.o ABSOLUTE
    ..\system_stm32f0xx.c                    0x00000000   Number         0  system_stm32f0xx.o ABSOLUTE
    dc.s                                     0x00000000   Number         0  dc.o ABSOLUTE
    handlers.s                               0x00000000   Number         0  handlers.o ABSOLUTE
    init.s                                   0x00000000   Number         0  init.o ABSOLUTE
    RESET                                    0x08000000   Section      180  startup_stm32f030.o(RESET)
    .ARM.Collect$$$$00000000                 0x080000b4   Section        0  entry.o(.ARM.Collect$$$$00000000)
    .ARM.Collect$$$$00000001                 0x080000b4   Section        4  entry2.o(.ARM.Collect$$$$00000001)
    .ARM.Collect$$$$00000004                 0x080000b8   Section        4  entry5.o(.ARM.Collect$$$$00000004)
    .ARM.Collect$$$$00000008                 0x080000bc   Section        0  entry7b.o(.ARM.Collect$$$$00000008)
    .ARM.Collect$$$$0000000A                 0x080000bc   Section        0  entry8b.o(.ARM.Collect$$$$0000000A)
    .ARM.Collect$$$$0000000B                 0x080000bc   Section        8  entry9a.o(.ARM.Collect$$$$0000000B)
    .ARM.Collect$$$$0000000D                 0x080000c4   Section        0  entry10a.o(.ARM.Collect$$$$0000000D)
    .ARM.Collect$$$$0000000F                 0x080000c4   Section        0  entry11a.o(.ARM.Collect$$$$0000000F)
    .ARM.Collect$$$$00002712                 0x080000c4   Section        4  entry2.o(.ARM.Collect$$$$00002712)
    __lit__00000000                          0x080000c4   Data           4  entry2.o(.ARM.Collect$$$$00002712)
    .text                                    0x080000c8   Section       88  startup_stm32f030.o(.text)
    .text                                    0x08000120   Section        0  uidiv.o(.text)
    .text                                    0x0800014c   Section       36  init.o(.text)
    i.GPIO_Init                              0x08000170   Section        0  stm32f0xx_gpio.o(i.GPIO_Init)
    i.GPIO_PinAFConfig                       0x080001e0   Section        0  stm32f0xx_gpio.o(i.GPIO_PinAFConfig)
    i.HardFault_Handler                      0x08000200   Section        0  stm32f0xx_it.o(i.HardFault_Handler)
    i.NMI_Handler                            0x08000202   Section        0  stm32f0xx_it.o(i.NMI_Handler)
    i.NVIC_Init                              0x08000204   Section        0  stm32f0xx_misc.o(i.NVIC_Init)
    i.PendSV_Handler                         0x08000254   Section        0  stm32f0xx_it.o(i.PendSV_Handler)
    i.RCC_AHBPeriphClockCmd                  0x08000258   Section        0  stm32f0xx_rcc.o(i.RCC_AHBPeriphClockCmd)
    i.RCC_APB1PeriphClockCmd                 0x08000270   Section        0  stm32f0xx_rcc.o(i.RCC_APB1PeriphClockCmd)
    i.RCC_GetClocksFreq                      0x08000288   Section        0  stm32f0xx_rcc.o(i.RCC_GetClocksFreq)
    i.STM_EVAL_COMInit                       0x08000400   Section        0  stm32072b_eval.o(i.STM_EVAL_COMInit)
    i.SVC_Handler                            0x08000498   Section        0  stm32f0xx_it.o(i.SVC_Handler)
    i.SetSysClock                            0x0800049c   Section        0  system_stm32f0xx.o(i.SetSysClock)
    SetSysClock                              0x0800049d   Thumb Code   142  system_stm32f0xx.o(i.SetSysClock)
    i.SysTick_Handler                        0x08000534   Section        0  stm32f0xx_it.o(i.SysTick_Handler)
    i.SystemInit                             0x0800053c   Section        0  system_stm32f0xx.o(i.SystemInit)
    i.TimingDelay_Decrement                  0x0800059c   Section        0  main.o(i.TimingDelay_Decrement)
    i.USART2_IRQHandler                      0x080005b0   Section        0  stm32f0xx_it.o(i.USART2_IRQHandler)
    i.USART_ClearITPendingBit                0x08000674   Section        0  stm32f0xx_usart.o(i.USART_ClearITPendingBit)
    i.USART_Cmd                              0x0800067e   Section        0  stm32f0xx_usart.o(i.USART_Cmd)
    i.USART_GetFlagStatus                    0x08000692   Section        0  stm32f0xx_usart.o(i.USART_GetFlagStatus)
    i.USART_GetITStatus                      0x080006a0   Section        0  stm32f0xx_usart.o(i.USART_GetITStatus)
    i.USART_ITConfig                         0x080006d8   Section        0  stm32f0xx_usart.o(i.USART_ITConfig)
    i.USART_Init                             0x08000704   Section        0  stm32f0xx_usart.o(i.USART_Init)
    i.USART_ReceiveData                      0x080007ac   Section        0  stm32f0xx_usart.o(i.USART_ReceiveData)
    i.USART_SendData                         0x080007b4   Section        0  stm32f0xx_usart.o(i.USART_SendData)
    i.__scatterload_copy                     0x080007bc   Section       14  handlers.o(i.__scatterload_copy)
    i.__scatterload_null                     0x080007ca   Section        2  handlers.o(i.__scatterload_null)
    i.__scatterload_zeroinit                 0x080007cc   Section       14  handlers.o(i.__scatterload_zeroinit)
    i.main                                   0x080007dc   Section        0  main.o(i.main)
    .constdata                               0x080008f8   Section      132  stm32072b_eval.o(.constdata)
    .data                                    0x20000000   Section       20  system_stm32f0xx.o(.data)
    .data                                    0x20000014   Section       12  main.o(.data)
    TimingDelay                              0x20000014   Data           4  main.o(.data)
    .data                                    0x20000020   Section      100  stm32f0xx_it.o(.data)
    .data                                    0x20000084   Section       52  stm32072b_eval.o(.data)
    .data                                    0x200000b8   Section       16  stm32f0xx_rcc.o(.data)
    APBAHBPrescTable                         0x200000b8   Data          16  stm32f0xx_rcc.o(.data)
    .bss                                     0x200000c8   Section       32  stm32f0xx_it.o(.bss)
    STACK                                    0x200000e8   Section     1024  startup_stm32f030.o(STACK)

    Global Symbols

    Symbol Name                              Value     Ov Type        Size  Object(Section)

    BuildAttributes$$THM_ISAv3M$S$PE$A:L22$X:L11$S22$IEEE1$IW$USESV6$~STKCKD$USESV7$~SHL$OSPACE$EBA8$MICROLIB$REQ8$PRES8$EABIv2 0x00000000   Number         0  anon$$obj.o ABSOLUTE
    __ARM_use_no_argv                        0x00000000   Number         0  main.o ABSOLUTE
    __cpp_initialize__aeabi_                  - Undefined Weak Reference
    __cxa_finalize                            - Undefined Weak Reference
    __decompress                              - Undefined Weak Reference
    _clock_init                               - Undefined Weak Reference
    _microlib_exit                            - Undefined Weak Reference
    __Vectors_Size                           0x000000b4   Number         0  startup_stm32f030.o ABSOLUTE
    __Vectors                                0x08000000   Data           4  startup_stm32f030.o(RESET)
    __Vectors_End                            0x080000b4   Data           0  startup_stm32f030.o(RESET)
    __main                                   0x080000b5   Thumb Code     0  entry.o(.ARM.Collect$$$$00000000)
    _main_stk                                0x080000b5   Thumb Code     0  entry2.o(.ARM.Collect$$$$00000001)
    _main_scatterload                        0x080000b9   Thumb Code     0  entry5.o(.ARM.Collect$$$$00000004)
    __main_after_scatterload                 0x080000bd   Thumb Code     0  entry5.o(.ARM.Collect$$$$00000004)
    _main_clock                              0x080000bd   Thumb Code     0  entry7b.o(.ARM.Collect$$$$00000008)
    _main_cpp_init                           0x080000bd   Thumb Code     0  entry8b.o(.ARM.Collect$$$$0000000A)
    _main_init                               0x080000bd   Thumb Code     0  entry9a.o(.ARM.Collect$$$$0000000B)
    __rt_final_cpp                           0x080000c5   Thumb Code     0  entry10a.o(.ARM.Collect$$$$0000000D)
    __rt_final_exit                          0x080000c5   Thumb Code     0  entry11a.o(.ARM.Collect$$$$0000000F)
    Reset_Handler                            0x080000c9   Thumb Code    38  startup_stm32f030.o(.text)
    ADC1_IRQHandler                          0x080000f9   Thumb Code     0  startup_stm32f030.o(.text)
    DMA1_Channel1_IRQHandler                 0x080000f9   Thumb Code     0  startup_stm32f030.o(.text)
    DMA1_Channel2_3_IRQHandler               0x080000f9   Thumb Code     0  startup_stm32f030.o(.text)
    DMA1_Channel4_5_IRQHandler               0x080000f9   Thumb Code     0  startup_stm32f030.o(.text)
    EXTI0_1_IRQHandler                       0x080000f9   Thumb Code     0  startup_stm32f030.o(.text)
    EXTI2_3_IRQHandler                       0x080000f9   Thumb Code     0  startup_stm32f030.o(.text)
    EXTI4_15_IRQHandler                      0x080000f9   Thumb Code     0  startup_stm32f030.o(.text)
    FLASH_IRQHandler                         0x080000f9   Thumb Code     0  startup_stm32f030.o(.text)
    I2C1_IRQHandler                          0x080000f9   Thumb Code     0  startup_stm32f030.o(.text)
    I2C2_IRQHandler                          0x080000f9   Thumb Code     0  startup_stm32f030.o(.text)
    RCC_IRQHandler                           0x080000f9   Thumb Code     0  startup_stm32f030.o(.text)
    RTC_IRQHandler                           0x080000f9   Thumb Code     0  startup_stm32f030.o(.text)
    SPI1_IRQHandler                          0x080000f9   Thumb Code     0  startup_stm32f030.o(.text)
    SPI2_IRQHandler                          0x080000f9   Thumb Code     0  startup_stm32f030.o(.text)
    TIM14_IRQHandler                         0x080000f9   Thumb Code     0  startup_stm32f030.o(.text)
    TIM15_IRQHandler                         0x080000f9   Thumb Code     0  startup_stm32f030.o(.text)
    TIM16_IRQHandler                         0x080000f9   Thumb Code     0  startup_stm32f030.o(.text)
    TIM17_IRQHandler                         0x080000f9   Thumb Code     0  startup_stm32f030.o(.text)
    TIM1_BRK_UP_TRG_COM_IRQHandler           0x080000f9   Thumb Code     0  startup_stm32f030.o(.text)
    TIM1_CC_IRQHandler                       0x080000f9   Thumb Code     0  startup_stm32f030.o(.text)
    TIM3_IRQHandler                          0x080000f9   Thumb Code     0  startup_stm32f030.o(.text)
    USART1_IRQHandler                        0x080000f9   Thumb Code     0  startup_stm32f030.o(.text)
    WWDG_IRQHandler                          0x080000f9   Thumb Code     0  startup_stm32f030.o(.text)
    __aeabi_uidiv                            0x08000121   Thumb Code     0  uidiv.o(.text)
    __aeabi_uidivmod                         0x08000121   Thumb Code    44  uidiv.o(.text)
    __scatterload                            0x0800014d   Thumb Code    28  init.o(.text)
    __scatterload_rt2                        0x0800014d   Thumb Code     0  init.o(.text)
    GPIO_Init                                0x08000171   Thumb Code   112  stm32f0xx_gpio.o(i.GPIO_Init)
    GPIO_PinAFConfig                         0x080001e1   Thumb Code    32  stm32f0xx_gpio.o(i.GPIO_PinAFConfig)
    HardFault_Handler                        0x08000201   Thumb Code     2  stm32f0xx_it.o(i.HardFault_Handler)
    NMI_Handler                              0x08000203   Thumb Code     2  stm32f0xx_it.o(i.NMI_Handler)
    NVIC_Init                                0x08000205   Thumb Code    70  stm32f0xx_misc.o(i.NVIC_Init)
    PendSV_Handler                           0x08000255   Thumb Code     2  stm32f0xx_it.o(i.PendSV_Handler)
    RCC_AHBPeriphClockCmd                    0x08000259   Thumb Code    18  stm32f0xx_rcc.o(i.RCC_AHBPeriphClockCmd)
    RCC_APB1PeriphClockCmd                   0x08000271   Thumb Code    18  stm32f0xx_rcc.o(i.RCC_APB1PeriphClockCmd)
    RCC_GetClocksFreq                        0x08000289   Thumb Code   346  stm32f0xx_rcc.o(i.RCC_GetClocksFreq)
    STM_EVAL_COMInit                         0x08000401   Thumb Code   144  stm32072b_eval.o(i.STM_EVAL_COMInit)
    SVC_Handler                              0x08000499   Thumb Code     2  stm32f0xx_it.o(i.SVC_Handler)
    SysTick_Handler                          0x08000535   Thumb Code     8  stm32f0xx_it.o(i.SysTick_Handler)
    SystemInit                               0x0800053d   Thumb Code    84  system_stm32f0xx.o(i.SystemInit)
    TimingDelay_Decrement                    0x0800059d   Thumb Code    16  main.o(i.TimingDelay_Decrement)
    USART2_IRQHandler                        0x080005b1   Thumb Code   166  stm32f0xx_it.o(i.USART2_IRQHandler)
    USART_ClearITPendingBit                  0x08000675   Thumb Code    10  stm32f0xx_usart.o(i.USART_ClearITPendingBit)
    USART_Cmd                                0x0800067f   Thumb Code    20  stm32f0xx_usart.o(i.USART_Cmd)
    USART_GetFlagStatus                      0x08000693   Thumb Code    14  stm32f0xx_usart.o(i.USART_GetFlagStatus)
    USART_GetITStatus                        0x080006a1   Thumb Code    56  stm32f0xx_usart.o(i.USART_GetITStatus)
    USART_ITConfig                           0x080006d9   Thumb Code    42  stm32f0xx_usart.o(i.USART_ITConfig)
    USART_Init                               0x08000705   Thumb Code   148  stm32f0xx_usart.o(i.USART_Init)
    USART_ReceiveData                        0x080007ad   Thumb Code     8  stm32f0xx_usart.o(i.USART_ReceiveData)
    USART_SendData                           0x080007b5   Thumb Code     8  stm32f0xx_usart.o(i.USART_SendData)
    __scatterload_copy                       0x080007bd   Thumb Code    14  handlers.o(i.__scatterload_copy)
    __scatterload_null                       0x080007cb   Thumb Code     2  handlers.o(i.__scatterload_null)
    __scatterload_zeroinit                   0x080007cd   Thumb Code    14  handlers.o(i.__scatterload_zeroinit)
    main                                     0x080007dd   Thumb Code   230  main.o(i.main)
    COM_TX_PIN                               0x080008f8   Data           2  stm32072b_eval.o(.constdata)
    COM_RX_PIN                               0x080008fa   Data           2  stm32072b_eval.o(.constdata)
    COM_TX_PIN_SOURCE                        0x080008fc   Data           2  stm32072b_eval.o(.constdata)
    COM_RX_PIN_SOURCE                        0x080008fe   Data           2  stm32072b_eval.o(.constdata)
    COM_TX_AF                                0x08000900   Data           2  stm32072b_eval.o(.constdata)
    COM_RX_AF                                0x08000902   Data           2  stm32072b_eval.o(.constdata)
    COM_USART_CLK                            0x08000904   Data           4  stm32072b_eval.o(.constdata)
    COM_TX_PORT_CLK                          0x08000908   Data           4  stm32072b_eval.o(.constdata)
    COM_RX_PORT_CLK                          0x0800090c   Data           4  stm32072b_eval.o(.constdata)
    GPIO_PIN                                 0x08000910   Data           8  stm32072b_eval.o(.constdata)
    GPIO_CLK                                 0x08000918   Data          16  stm32072b_eval.o(.constdata)
    BUTTON_PIN                               0x08000928   Data          12  stm32072b_eval.o(.constdata)
    BUTTON_CLK                               0x08000934   Data          24  stm32072b_eval.o(.constdata)
    BUTTON_EXTI_LINE                         0x0800094c   Data          12  stm32072b_eval.o(.constdata)
    BUTTON_PORT_SOURCE                       0x08000958   Data          12  stm32072b_eval.o(.constdata)
    BUTTON_PIN_SOURCE                        0x08000964   Data          12  stm32072b_eval.o(.constdata)
    BUTTON_IRQn                              0x08000970   Data          12  stm32072b_eval.o(.constdata)
    Region$$Table$$Base                      0x0800097c   Number         0  anon$$obj.o(Region$$Table)
    Region$$Table$$Limit                     0x0800099c   Number         0  anon$$obj.o(Region$$Table)
    SystemCoreClock                          0x20000000   Data           4  system_stm32f0xx.o(.data)
    AHBPrescTable                            0x20000004   Data          16  system_stm32f0xx.o(.data)
    GPIO_InitStructure                       0x20000018   Data           8  main.o(.data)
    NbrOfDataToTransfer                      0x20000020   Data           1  stm32f0xx_it.o(.data)
    NbrOfDataToRead                          0x20000021   Data           1  stm32f0xx_it.o(.data)
    TxCount                                  0x20000022   Data           1  stm32f0xx_it.o(.data)
    RxCount                                  0x20000024   Data           2  stm32f0xx_it.o(.data)
    TxBuffer                                 0x20000026   Data          94  stm32f0xx_it.o(.data)
    COM_USART                                0x20000084   Data           4  stm32072b_eval.o(.data)
    COM_TX_PORT                              0x20000088   Data           4  stm32072b_eval.o(.data)
    COM_RX_PORT                              0x2000008c   Data           4  stm32072b_eval.o(.data)
    GPIO_PORT                                0x20000090   Data          16  stm32072b_eval.o(.data)
    BUTTON_PORT                              0x200000a0   Data          24  stm32072b_eval.o(.data)
    RxBuffer                                 0x200000c8   Data          32  stm32f0xx_it.o(.bss)
    __initial_sp                             0x200004e8   Data           0  startup_stm32f030.o(STACK)



==============================================================================

Memory Map of the image

  Image Entry point : 0x080000b5

  Load Region LR_IROM1 (Base: 0x08000000, Size: 0x00000a64, Max: 0x00010000, ABSOLUTE)

    Execution Region ER_IROM1 (Exec base: 0x08000000, Load base: 0x08000000, Size: 0x0000099c, Max: 0x00010000, ABSOLUTE)

    Exec Addr    Load Addr    Size         Type   Attr      Idx    E Section Name        Object

    0x08000000   0x08000000   0x000000b4   Data   RO            3    RESET               startup_stm32f030.o
    0x080000b4   0x080000b4   0x00000000   Code   RO         3531  * .ARM.Collect$$$$00000000  mc_p.l(entry.o)
    0x080000b4   0x080000b4   0x00000004   Code   RO         3536    .ARM.Collect$$$$00000001  mc_p.l(entry2.o)
    0x080000b8   0x080000b8   0x00000004   Code   RO         3539    .ARM.Collect$$$$00000004  mc_p.l(entry5.o)
    0x080000bc   0x080000bc   0x00000000   Code   RO         3541    .ARM.Collect$$$$00000008  mc_p.l(entry7b.o)
    0x080000bc   0x080000bc   0x00000000   Code   RO         3543    .ARM.Collect$$$$0000000A  mc_p.l(entry8b.o)
    0x080000bc   0x080000bc   0x00000008   Code   RO         3544    .ARM.Collect$$$$0000000B  mc_p.l(entry9a.o)
    0x080000c4   0x080000c4   0x00000000   Code   RO         3546    .ARM.Collect$$$$0000000D  mc_p.l(entry10a.o)
    0x080000c4   0x080000c4   0x00000000   Code   RO         3548    .ARM.Collect$$$$0000000F  mc_p.l(entry11a.o)
    0x080000c4   0x080000c4   0x00000004   Code   RO         3537    .ARM.Collect$$$$00002712  mc_p.l(entry2.o)
    0x080000c8   0x080000c8   0x00000058   Code   RO            4    .text               startup_stm32f030.o
    0x08000120   0x08000120   0x0000002c   Code   RO         3534    .text               mc_p.l(uidiv.o)
    0x0800014c   0x0800014c   0x00000024   Code   RO         3550    .text               mc_p.l(init.o)
    0x08000170   0x08000170   0x00000070   Code   RO         2375    i.GPIO_Init         stm32f0xx_gpio.o
    0x080001e0   0x080001e0   0x00000020   Code   RO         2376    i.GPIO_PinAFConfig  stm32f0xx_gpio.o
    0x08000200   0x08000200   0x00000002   Code   RO          268    i.HardFault_Handler  stm32f0xx_it.o
    0x08000202   0x08000202   0x00000002   Code   RO          269    i.NMI_Handler       stm32f0xx_it.o
    0x08000204   0x08000204   0x00000050   Code   RO         2942    i.NVIC_Init         stm32f0xx_misc.o
    0x08000254   0x08000254   0x00000002   Code   RO          270    i.PendSV_Handler    stm32f0xx_it.o
    0x08000256   0x08000256   0x00000002   PAD
    0x08000258   0x08000258   0x00000018   Code   RO         1688    i.RCC_AHBPeriphClockCmd  stm32f0xx_rcc.o
    0x08000270   0x08000270   0x00000018   Code   RO         1690    i.RCC_APB1PeriphClockCmd  stm32f0xx_rcc.o
    0x08000288   0x08000288   0x00000178   Code   RO         1702    i.RCC_GetClocksFreq  stm32f0xx_rcc.o
    0x08000400   0x08000400   0x00000098   Code   RO          334    i.STM_EVAL_COMInit  stm32072b_eval.o
    0x08000498   0x08000498   0x00000002   Code   RO          271    i.SVC_Handler       stm32f0xx_it.o
    0x0800049a   0x0800049a   0x00000002   PAD
    0x0800049c   0x0800049c   0x00000098   Code   RO           12    i.SetSysClock       system_stm32f0xx.o
    0x08000534   0x08000534   0x00000008   Code   RO          272    i.SysTick_Handler   stm32f0xx_it.o
    0x0800053c   0x0800053c   0x00000060   Code   RO           14    i.SystemInit        system_stm32f0xx.o
    0x0800059c   0x0800059c   0x00000014   Code   RO          138    i.TimingDelay_Decrement  main.o
    0x080005b0   0x080005b0   0x000000c4   Code   RO          273    i.USART2_IRQHandler  stm32f0xx_it.o
    0x08000674   0x08000674   0x0000000a   Code   RO          925    i.USART_ClearITPendingBit  stm32f0xx_usart.o
    0x0800067e   0x0800067e   0x00000014   Code   RO          928    i.USART_Cmd         stm32f0xx_usart.o
    0x08000692   0x08000692   0x0000000e   Code   RO          936    i.USART_GetFlagStatus  stm32f0xx_usart.o
    0x080006a0   0x080006a0   0x00000038   Code   RO          937    i.USART_GetITStatus  stm32f0xx_usart.o
    0x080006d8   0x080006d8   0x0000002a   Code   RO          939    i.USART_ITConfig    stm32f0xx_usart.o
    0x08000702   0x08000702   0x00000002   PAD
    0x08000704   0x08000704   0x000000a8   Code   RO          940    i.USART_Init        stm32f0xx_usart.o
    0x080007ac   0x080007ac   0x00000008   Code   RO          952    i.USART_ReceiveData  stm32f0xx_usart.o
    0x080007b4   0x080007b4   0x00000008   Code   RO          957    i.USART_SendData    stm32f0xx_usart.o
    0x080007bc   0x080007bc   0x0000000e   Code   RO         3554    i.__scatterload_copy  mc_p.l(handlers.o)
    0x080007ca   0x080007ca   0x00000002   Code   RO         3555    i.__scatterload_null  mc_p.l(handlers.o)
    0x080007cc   0x080007cc   0x0000000e   Code   RO         3556    i.__scatterload_zeroinit  mc_p.l(handlers.o)
    0x080007da   0x080007da   0x00000002   PAD
    0x080007dc   0x080007dc   0x0000011c   Code   RO          139    i.main              main.o
    0x080008f8   0x080008f8   0x00000084   Data   RO          344    .constdata          stm32072b_eval.o
    0x0800097c   0x0800097c   0x00000020   Data   RO         3552    Region$$Table       anon$$obj.o


    Execution Region RW_IRAM1 (Exec base: 0x20000000, Load base: 0x0800099c, Size: 0x000004e8, Max: 0x00002000, ABSOLUTE)

    Exec Addr    Load Addr    Size         Type   Attr      Idx    E Section Name        Object

    0x20000000   0x0800099c   0x00000014   Data   RW           15    .data               system_stm32f0xx.o
    0x20000014   0x080009b0   0x0000000c   Data   RW          141    .data               main.o
    0x20000020   0x080009bc   0x00000064   Data   RW          276    .data               stm32f0xx_it.o
    0x20000084   0x08000a20   0x00000034   Data   RW          345    .data               stm32072b_eval.o
    0x200000b8   0x08000a54   0x00000010   Data   RW         1728    .data               stm32f0xx_rcc.o
    0x200000c8        -       0x00000020   Zero   RW          274    .bss                stm32f0xx_it.o
    0x200000e8        -       0x00000400   Zero   RW            1    STACK               startup_stm32f030.o


==============================================================================

Image component sizes


      Code (inc. data)   RO Data    RW Data    ZI Data      Debug   Object Name

       304         58          0         12          0     188377   main.o
        88         38        180          0       1024        820   startup_stm32f030.o
       152          8        132         52          0       2447   stm32072b_eval.o
       144          0          0          0          0       6667   stm32f0xx_gpio.o
       212         30          0        100         32       3990   stm32f0xx_it.o
        80         10          0          0          0       2304   stm32f0xx_misc.o
         0          0          0          0          0      13120   stm32f0xx_pwr.o
       424         42          0         16          0      16753   stm32f0xx_rcc.o
       326         20          0          0          0      16739   stm32f0xx_usart.o
       248         22          0         20          0     164257   system_stm32f0xx.o

    ----------------------------------------------------------------------
      1984        228        344        200       1056     415474   Object Totals
         0          0         32          0          0          0   (incl. Generated)
         6          0          0          0          0          0   (incl. Padding)

    ----------------------------------------------------------------------

      Code (inc. data)   RO Data    RW Data    ZI Data      Debug   Library Member Name

         0          0          0          0          0          0   entry.o
         0          0          0          0          0          0   entry10a.o
         0          0          0          0          0          0   entry11a.o
         8          4          0          0          0          0   entry2.o
         4          0          0          0          0          0   entry5.o
         0          0          0          0          0          0   entry7b.o
         0          0          0          0          0          0   entry8b.o
         8          4          0          0          0          0   entry9a.o
        30          0          0          0          0          0   handlers.o
        36          8          0          0          0         68   init.o
        44          0          0          0          0         72   uidiv.o

    ----------------------------------------------------------------------
       132         16          0          0          0        140   Library Totals
         2          0          0          0          0          0   (incl. Padding)

    ----------------------------------------------------------------------

      Code (inc. data)   RO Data    RW Data    ZI Data      Debug   Library Name

       130         16          0          0          0        140   mc_p.l

    ----------------------------------------------------------------------
       132         16          0          0          0        140   Library Totals

    ----------------------------------------------------------------------

==============================================================================


      Code (inc. data)   RO Data    RW Data    ZI Data      Debug   

      2116        244        344        200       1056     414886   Grand Totals
      2116        244        344        200       1056     414886   ELF Image Totals
      2116        244        344        200          0          0   ROM Totals

==============================================================================

    Total RO  Size (Code + RO Data)                 2460 (   2.40kB)
    Total RW  Size (RW Data + ZI Data)              1256 (   1.23kB)
    Total ROM Size (Code + RO Data + RW Data)       2660 (   2.60kB)

==============================================================================

